INFO  Diffblue Cover 2026.01.01-SNAPSHOT-70877d3-local
INFO  
INFO  Command: issues
INFO  Output a prioritized list of issues.
INFO  
INFO  Selected modules:
INFO  - com.paritytrading.parity:parity-reporter
INFO  
INFO  
INFO  [1/1] Diagnosing issues for module: com.paritytrading.parity:parity-reporter
INFO  ============================================================================
INFO  
INFO  Detected Java version 1.8.0_472
INFO  Selected build system: Maven
INFO  Reading report file '/home/jbergqvist/diffblue/paritytrading-parity/applications/reporter/.diffblue/reports/report.json'
INFO  Copied report file to '/home/jbergqvist/diffblue/paritytrading-parity/applications/reporter/.diffblue/reports/report-20260120T131656.json'
INFO  
INFO  R013: No inputs found that don't throw a trivial exception
      
INFO  To resolve the issue, use the following prompt with your AI assistant:
      
      We are unit testing `com.paritytrading.parity.reporter.TradeProcessor.orderCanceled:(Lcom/paritytrading/parity/net/pmr/PMR$OrderCanceled;)V`.
      
      Create a parameterless factory method for the problematic
      parameter/this object, determining which by reading the error message below.
      The new factory method should be in the test classpath, not production.
      Create a new factory class if there isn't already one for the class under test.
      Do not create a test yourself, only a factory (don't test the factory either).
      The factory method must be annotated with 
      `@com.diffblue.cover.annotations.InterestingTestFactory`.
      Avoid using mocks, these tend to produce unused stubbing errors or a
      `java.lang.NullPointerException`.
      If your environment has internet access then further documentation on
      factory methods for Cover can be found here:
      https://docs.diffblue.com/features/tutorials/increase-code-coverage#test-factory-pattern
      
      The factory should produce a parameter/this object such that
      the following exception does not occur:
      
      ```
      java.lang.NullPointerException
        at com.paritytrading.parity.reporter.TradeProcessor.orderCanceled(TradeProcessor.java:62)
      ```
      
      Recompile the project to make sure the new factory / annotation / getter / etc
      is available to Cover.
      For example run `mvn install -DskipTests` or `gradle install -x test`.
      
INFO  
INFO  R013: No inputs found that don't throw a trivial exception
      
INFO  To resolve the issue, use the following prompt with your AI assistant:
      
      We are unit testing `com.paritytrading.parity.reporter.TradeProcessor.trade:(Lcom/paritytrading/parity/net/pmr/PMR$Trade;)V`.
      
      Create a parameterless factory method for the problematic
      parameter/this object, determining which by reading the error message below.
      The new factory method should be in the test classpath, not production.
      Create a new factory class if there isn't already one for the class under test.
      Do not create a test yourself, only a factory (don't test the factory either).
      The factory method must be annotated with 
      `@com.diffblue.cover.annotations.InterestingTestFactory`.
      Avoid using mocks, these tend to produce unused stubbing errors or a
      `java.lang.NullPointerException`.
      If your environment has internet access then further documentation on
      factory methods for Cover can be found here:
      https://docs.diffblue.com/features/tutorials/increase-code-coverage#test-factory-pattern
      
      The factory should produce a parameter/this object such that
      the following exception does not occur:
      
      ```
      java.lang.NullPointerException
        at com.paritytrading.parity.reporter.TradeProcessor.trade(TradeProcessor.java:73)
      ```
      
      Recompile the project to make sure the new factory / annotation / getter / etc
      is available to Cover.
      For example run `mvn install -DskipTests` or `gradle install -x test`.
      
INFO  
INFO  R081: Exception in arrange section
      
INFO  To resolve the issue, use the following prompt with your AI assistant:
      
      Fix the following issue preventing test creation for the following affected methods:
      com.paritytrading.parity.reporter.TradeProcessor.orderAdded:(Lcom/paritytrading/parity/net/pmr/PMR$OrderAdded;)V
      
      Diffblue Cover was unable to construct an instance of the class under test using
      com.paritytrading.parity.reporter.TradeProcessor.orderAdded(OrderAdded).
      The arrange section threw
      java.lang.NullPointerException
          at com.paritytrading.parity.reporter.DisplayFormat.<init>(DisplayFormat.java:29)
      More information about the exception is provided in the support log.
      See https://diff.blue/R081 for further troubleshooting of this issue.
      
INFO  
INFO  3 issues were found and displayed
INFO  Rerun without --prompts to summarise all the issues
INFO  
INFO  Log file: /home/jbergqvist/diffblue/paritytrading-parity/.diffblue/log/user-20260120T131824.log
INFO  Finished in 3s
