INFO  Diffblue Cover 2025.12.02-74144f0-licensed
INFO  
INFO  Command: create
INFO  Create tests for the specified package/class/method.
INFO  
INFO  Selected modules:
INFO  - com.paritytrading.parity:parity-util
INFO  
INFO  
INFO  [1/1] Creating tests for module: com.paritytrading.parity:parity-util
INFO  =====================================================================
INFO  
INFO  Detecting environment:
INFO  ----------------------
INFO  Detected Java version 1.8.0_472
INFO  Selected build system: Maven
INFO  Selected classpath from build system maven
INFO  Selected test framework: JUnit Jupiter API
INFO  Selected Java language compliance level: 1.8
INFO  Selected test validation: enabled
INFO  Prefixes for filtering classes/methods:
INFO  - com.paritytrading.parity.util
INFO  Gathering methods to test...
INFO  Found 33 callable methods in 6 classes
INFO  
INFO  Creating tests:
INFO  ---------------
INFO  [1/6] com.paritytrading.parity.util.Instrument
INFO  [1/6]   Tests created: 8
INFO  [2/6] com.paritytrading.parity.util.Instruments
INFO  [2/6]   Tests created: 4
INFO  [3/6] com.paritytrading.parity.util.OrderIDGenerator
INFO  [3/6]   Tests created: 4
INFO  [4/6] com.paritytrading.parity.util.Strings
INFO  [4/6]   Tests created: 1
INFO  [5/6] com.paritytrading.parity.util.TableHeader
INFO  [5/6]   Tests created: 4
INFO  [6/6] com.paritytrading.parity.util.Timestamps
INFO  [6/6]   Tests created: 1
INFO  
INFO  Test creation summary for module: com.paritytrading.parity:parity-util
INFO  ----------------------------------------------------------------------
INFO  Total:                                              33 methods
INFO  22 tests created for:                               18 methods
INFO  
INFO  Tested indirectly via other methods:                 1 method
INFO      1 T005: Trivial constructor
INFO  No tests created for:                               14 methods
INFO     12 R081: Exception in arrange section
INFO      1 R013: No inputs found that don't throw a trivial exception
INFO  
INFO  Running validation command.
INFO  This can take a couple of minutes.
INFO  All 22 created tests were successfully validated.
INFO  Calculating coverage from Diffblue tests.
INFO  JaCoCo report file created in /home/jbergqvist/diffblue/paritytrading-parity/libraries/util/.diffblue/reports/diffblue-tests-jacoco-report.xml
INFO  Calculating coverage from manual tests.
INFO  JaCoCo report file created in /home/jbergqvist/diffblue/paritytrading-parity/libraries/util/.diffblue/reports/manual-tests-jacoco-report.xml
INFO  
INFO  Diffblue tests cover 104 of 112 lines to cover (92.9%)
INFO  Manual tests cover 93 of 112 lines to cover (83.0%)
INFO  Writing JSON report to /home/jbergqvist/diffblue/paritytrading-parity/libraries/util/.diffblue/reports/report.json
INFO  
INFO  Log file: /home/jbergqvist/diffblue/paritytrading-parity/.diffblue/log/user-20260120T112606.log
INFO  Finished in 56s
