INFO  Diffblue Cover 2026.01.01-SNAPSHOT-70877d3-local
INFO  
INFO  Command: issues
INFO  Output a prioritized list of issues.
INFO  
INFO  Selected modules:
INFO  - com.paritytrading.parity:parity-system
INFO  
INFO  
INFO  [1/1] Diagnosing issues for module: com.paritytrading.parity:parity-system
INFO  ==========================================================================
INFO  
INFO  Detected Java version 1.8.0_472
INFO  Selected build system: Maven
INFO  Reading report file '/home/jbergqvist/diffblue/paritytrading-parity/applications/system/.diffblue/reports/report.json'
INFO  Copied report file to '/home/jbergqvist/diffblue/paritytrading-parity/applications/system/.diffblue/reports/report-20260120T133225.json'
INFO  
INFO  R081: Exception in arrange section
      
INFO  To resolve the issue, use the following prompt with your AI assistant:
      
      Fix the following issue preventing test creation for the following affected methods:
      com.paritytrading.parity.system.MarketData.getRequestTransport:()Lcom/paritytrading/nassau/moldudp64/MoldUDP64RequestServer;
      com.paritytrading.parity.system.MarketData.getTransport:()Lcom/paritytrading/nassau/moldudp64/MoldUDP64Server;
      
      Diffblue Cover was unable to construct an instance of the class under test using
      com.paritytrading.parity.system.MarketData.getRequestTransport().
      The arrange section threw
      java.lang.IllegalArgumentException: Cannot set IP_MULTICAST_IF to 'null'
          at sun.nio.ch.DatagramChannelImpl.setOption(DatagramChannelImpl.java:216)
          at com.paritytrading.parity.system.MarketData.open(MarketData.java:71)
      More information about the exception is provided in the support log.
      See https://diff.blue/R081 for further troubleshooting of this issue.
      
INFO  
INFO  R081: Exception in arrange section
      
INFO  To resolve the issue, use the following prompt with your AI assistant:
      
      Fix the following issue preventing test creation for the following affected methods:
      com.paritytrading.parity.system.MarketReporting.getRequestTransport:()Lcom/paritytrading/nassau/moldudp64/MoldUDP64RequestServer;
      com.paritytrading.parity.system.MarketReporting.getTransport:()Lcom/paritytrading/nassau/moldudp64/MoldUDP64Server;
      
      Diffblue Cover was unable to construct an instance of the class under test using
      com.paritytrading.parity.system.MarketReporting.getRequestTransport().
      The arrange section threw
      java.lang.IllegalArgumentException: Cannot set IP_MULTICAST_IF to 'null'
          at sun.nio.ch.DatagramChannelImpl.setOption(DatagramChannelImpl.java:216)
          at com.paritytrading.parity.system.MarketReporting.open(MarketReporting.java:73)
      More information about the exception is provided in the support log.
      See https://diff.blue/R081 for further troubleshooting of this issue.
      
INFO  
INFO  R081: Exception in arrange section
      
INFO  To resolve the issue, use the following prompt with your AI assistant:
      
      Fix the following issue preventing test creation for the following affected methods:
      com.paritytrading.parity.system.Order.getBook:()Lcom/paritytrading/parity/match/OrderBook;
      com.paritytrading.parity.system.Order.getOrderId:()[B
      com.paritytrading.parity.system.Order.getOrderNumber:()J
      com.paritytrading.parity.system.Order.getSession:()Lcom/paritytrading/parity/system/Session;
      
      Diffblue Cover was unable to construct an instance of the class under test using
      com.paritytrading.parity.system.Order.getBook().
      The arrange section threw
      java.lang.IllegalArgumentException: Cannot set IP_MULTICAST_IF to 'null'
          at sun.nio.ch.DatagramChannelImpl.setOption(DatagramChannelImpl.java:216)
          at com.paritytrading.parity.system.MarketData.open(MarketData.java:71)
      More information about the exception is provided in the support log.
      See https://diff.blue/R081 for further troubleshooting of this issue.
      
INFO  
INFO  R081: Exception in arrange section
      
INFO  To resolve the issue, use the following prompt with your AI assistant:
      
      Fix the following issue preventing test creation for the following affected methods:
      com.paritytrading.parity.system.OrderEntry.getChannel:()Ljava/nio/channels/ServerSocketChannel;
      
      Diffblue Cover was unable to construct an instance of the class under test using
      com.paritytrading.parity.system.OrderEntry.getChannel().
      The arrange section threw
      java.lang.IllegalArgumentException: Cannot set IP_MULTICAST_IF to 'null'
          at sun.nio.ch.DatagramChannelImpl.setOption(DatagramChannelImpl.java:216)
          at com.paritytrading.parity.system.MarketData.open(MarketData.java:71)
      More information about the exception is provided in the support log.
      See https://diff.blue/R081 for further troubleshooting of this issue.
      
INFO  
INFO  R081: Exception in arrange section
      
INFO  To resolve the issue, use the following prompt with your AI assistant:
      
      Fix the following issue preventing test creation for the following affected methods:
      com.paritytrading.parity.system.Session.getTransport:()Lcom/paritytrading/nassau/soupbintcp/SoupBinTCPServer;
      com.paritytrading.parity.system.Session.getUsername:()J
      com.paritytrading.parity.system.Session.heartbeatTimeout:(Lcom/paritytrading/nassau/soupbintcp/SoupBinTCPServer;)V
      com.paritytrading.parity.system.Session.isTerminated:()Z
      com.paritytrading.parity.system.Session.logoutRequest:(Lcom/paritytrading/nassau/soupbintcp/SoupBinTCPServer;)V
      
      Diffblue Cover was unable to construct an instance of the class under test using
      com.paritytrading.parity.system.Session.heartbeatTimeout(SoupBinTCPServer).
      The arrange section threw
      java.lang.IllegalArgumentException: Cannot set IP_MULTICAST_IF to 'null'
          at sun.nio.ch.DatagramChannelImpl.setOption(DatagramChannelImpl.java:216)
          at com.paritytrading.parity.system.MarketData.open(MarketData.java:71)
      More information about the exception is provided in the support log.
      See https://diff.blue/R081 for further troubleshooting of this issue.
      
INFO  
INFO  5 issues were found and displayed
INFO  Rerun without --prompts to summarise all the issues
INFO  
INFO  Log file: /home/jbergqvist/diffblue/paritytrading-parity/.diffblue/log/user-20260120T133528.log
INFO  Finished in 3s
