INFO  Diffblue Cover 2025.12.02-74144f0-licensed
INFO  
INFO  Command: create
INFO  Create tests for the specified package/class/method.
INFO  
INFO  Selected modules:
INFO  - com.paritytrading.parity:parity-fix
INFO  
INFO  
INFO  [1/1] Creating tests for module: com.paritytrading.parity:parity-fix
INFO  ====================================================================
INFO  
INFO  Detecting environment:
INFO  ----------------------
INFO  Detected Java version 1.8.0_472
INFO  Selected build system: Maven
INFO  Selected classpath from build system maven
INFO  Selected test framework: JUnit Jupiter API
INFO  Selected Java language compliance level: 1.8
INFO  Selected test validation: enabled
INFO  Prefixes for filtering classes/methods:
INFO  - com.paritytrading.parity.fix
INFO  Gathering methods to test...
INFO  Found 41 callable methods in 7 classes
INFO  
INFO  Creating tests:
INFO  ---------------
INFO  [1/7] com.paritytrading.parity.fix.Events
INFO  [1/7]   Tests created: 0
INFO  [2/7] com.paritytrading.parity.fix.FIXAcceptor
INFO  [2/7]   Tests created: 0
INFO  [3/7] com.paritytrading.parity.fix.FIXGateway
INFO  [3/7]   Tests created: 0
INFO  [4/7] com.paritytrading.parity.fix.Order
INFO  [4/7]   Tests created: 8
INFO  [5/7] com.paritytrading.parity.fix.OrderEntryFactory
INFO  [5/7]   Tests created: 1
INFO  [6/7] com.paritytrading.parity.fix.Orders
INFO  [6/7]   Tests created: 11
INFO  [7/7] com.paritytrading.parity.fix.Session
INFO  [7/7]   Tests created: 0
INFO  
INFO  Test creation summary for module: com.paritytrading.parity:parity-fix
INFO  ---------------------------------------------------------------------
INFO  Total:                                              41 methods
INFO  20 tests created for:                               29 methods
INFO  
INFO  Tested indirectly via other methods:                 2 methods
INFO      2 T005: Trivial constructor
INFO  Not unit-testable:                                   1 method
INFO      1 T006: Main method
INFO  No tests created for:                                9 methods
INFO      5 R011: Sandboxing policy violation
INFO      3 R081: Exception in arrange section
INFO      1 R013: No inputs found that don't throw a trivial exception
INFO  
INFO  Running validation command.
INFO  This can take a couple of minutes.
INFO  All 20 created tests were successfully validated.
INFO  Calculating coverage from Diffblue tests.
INFO  JaCoCo report file created in /home/jbergqvist/diffblue/paritytrading-parity/applications/fix/.diffblue/reports/diffblue-tests-jacoco-report.xml
INFO  Calculating coverage from manual tests.
INFO  JaCoCo report file created in /home/jbergqvist/diffblue/paritytrading-parity/applications/fix/.diffblue/reports/manual-tests-jacoco-report.xml
INFO  
INFO  Diffblue tests cover 71 of 590 lines to cover (12.0%)
INFO  Manual tests cover 0 of 590 lines to cover (0.0%)
INFO  Writing JSON report to /home/jbergqvist/diffblue/paritytrading-parity/applications/fix/.diffblue/reports/report.json
INFO  
INFO  Log file: /home/jbergqvist/diffblue/paritytrading-parity/.diffblue/log/user-20260120T131508.log
INFO  Finished in 46s
