INFO  Diffblue Cover 2026.01.01-SNAPSHOT-70877d3-local
INFO  
INFO  Command: issues
INFO  Output a prioritized list of issues.
INFO  
INFO  Selected modules:
INFO  - com.paritytrading.parity:parity-fix
INFO  
INFO  
INFO  [1/1] Diagnosing issues for module: com.paritytrading.parity:parity-fix
INFO  =======================================================================
INFO  
INFO  Detected Java version 1.8.0_472
INFO  Selected build system: Maven
INFO  Reading report file '/home/jbergqvist/diffblue/paritytrading-parity/applications/fix/.diffblue/reports/report.json'
INFO  Copied report file to '/home/jbergqvist/diffblue/paritytrading-parity/applications/fix/.diffblue/reports/report-20260120T130643.json'
INFO  
INFO  R013: No inputs found that don't throw a trivial exception
      
INFO  To resolve the issue, use the following prompt with your AI assistant:
      
      We are unit testing `com.paritytrading.parity.fix.Events.process:(Lcom/paritytrading/parity/fix/FIXAcceptor;)V`.
      
      Create a parameterless factory method for the problematic
      parameter/this object, determining which by reading the error message below.
      The new factory method should be in the test classpath, not production.
      Create a new factory class if there isn't already one for the class under test.
      Do not create a test yourself, only a factory (don't test the factory either).
      The factory method must be annotated with 
      `@com.diffblue.cover.annotations.InterestingTestFactory`.
      Avoid using mocks, these tend to produce unused stubbing errors or a
      `java.lang.NullPointerException`.
      If your environment has internet access then further documentation on
      factory methods for Cover can be found here:
      https://docs.diffblue.com/features/tutorials/increase-code-coverage#test-factory-pattern
      
      The factory should produce a parameter/this object such that
      the following exception does not occur:
      
      ```
      java.lang.NullPointerException
        at com.paritytrading.parity.fix.Events.process(Events.java:35)
      ```
      
      Recompile the project to make sure the new factory / annotation / getter / etc
      is available to Cover.
      For example run `mvn install -DskipTests` or `gradle install -x test`.
      
INFO  
INFO  R013: No inputs found that don't throw a trivial exception
      
INFO  To resolve the issue, use the following prompt with your AI assistant:
      
      We are unit testing `com.paritytrading.parity.fix.FIXAcceptor.accept:()Lcom/paritytrading/parity/fix/Session;`.
      
      Create a parameterless factory method for the problematic
      parameter/this object, determining which by reading the error message below.
      The new factory method should be in the test classpath, not production.
      Create a new factory class if there isn't already one for the class under test.
      Do not create a test yourself, only a factory (don't test the factory either).
      The factory method must be annotated with 
      `@com.diffblue.cover.annotations.InterestingTestFactory`.
      Avoid using mocks, these tend to produce unused stubbing errors or a
      `java.lang.NullPointerException`.
      If your environment has internet access then further documentation on
      factory methods for Cover can be found here:
      https://docs.diffblue.com/features/tutorials/increase-code-coverage#test-factory-pattern
      
      The factory should produce a parameter/this object such that
      the following exception does not occur:
      
      ```
      com.typesafe.config.ConfigException$Parse: String: 1: Expecting close brace } or a comma, got '=' (if you intended '=' to be part of a key or string value, try enclosing the key or value in double quotes, or you may be able to rename the file .properties rather than .conf)
        at com.typesafe.config.impl.ConfigDocumentParser$ParseContext.parseError(ConfigDocumentParser.java:201)
        at com.typesafe.config.impl.ConfigDocumentParser$ParseContext.parseError(ConfigDocumentParser.java:197)
        at com.typesafe.config.impl.ConfigDocumentParser$ParseContext.parseObject(ConfigDocumentParser.java:526)
        at com.typesafe.config.impl.ConfigDocumentParser$ParseContext.parseValue(ConfigDocumentParser.java:247)
        at com.typesafe.config.impl.ConfigDocumentParser$ParseContext.parseObject(ConfigDocumentParser.java:456)
        at com.typesafe.config.impl.ConfigDocumentParser$ParseContext.parseValue(ConfigDocumentParser.java:247)
        at com.typesafe.config.impl.ConfigDocumentParser$ParseContext.parseObject(ConfigDocumentParser.java:456)
        at com.typesafe.config.impl.ConfigDocumentParser$ParseContext.parse(ConfigDocumentParser.java:646)
        at com.typesafe.config.impl.ConfigDocumentParser.parse(ConfigDocumentParser.java:14)
        at com.typesafe.config.impl.Parseable.rawParseValue(Parseable.java:260)
        at com.typesafe.config.impl.Parseable.rawParseValue(Parseable.java:248)
        at com.typesafe.config.impl.Parseable.parseValue(Parseable.java:180)
        at com.typesafe.config.impl.Parseable.parseValue(Parseable.java:174)
        at com.typesafe.config.impl.Parseable.parse(Parseable.java:299)
        at com.typesafe.config.ConfigFactory.parseString(ConfigFactory.java:1000)
        at com.typesafe.config.ConfigFactory.parseString(ConfigFactory.java:1010)
        at com.paritytrading.parity.fix.FIXAcceptorTestFactory.createFIXAcceptor(FIXAcceptorTestFactory.java:49)
      ```
      
      Recompile the project to make sure the new factory / annotation / getter / etc
      is available to Cover.
      For example run `mvn install -DskipTests` or `gradle install -x test`.
      
INFO  
INFO  R013: No inputs found that don't throw a trivial exception
      
INFO  To resolve the issue, use the following prompt with your AI assistant:
      
      We are unit testing `com.paritytrading.parity.fix.Session.close:()V`.
      
      Create a parameterless factory method for the problematic
      parameter/this object, determining which by reading the error message below.
      The new factory method should be in the test classpath, not production.
      Create a new factory class if there isn't already one for the class under test.
      Do not create a test yourself, only a factory (don't test the factory either).
      The factory method must be annotated with 
      `@com.diffblue.cover.annotations.InterestingTestFactory`.
      Avoid using mocks, these tend to produce unused stubbing errors or a
      `java.lang.NullPointerException`.
      If your environment has internet access then further documentation on
      factory methods for Cover can be found here:
      https://docs.diffblue.com/features/tutorials/increase-code-coverage#test-factory-pattern
      
      The factory should produce a parameter/this object such that
      the following exception does not occur:
      
      ```
      org.mockito.exceptions.misusing.WrongTypeOfReturnValue: 
      Boolean cannot be returned by getVersion()
      getVersion() should return FIXVersion
      ***
      If you're unsure why you're getting above error read on.
      Due to the nature of the syntax above problem might occur because:
      1. This exception *might* occur in wrongly written multi-threaded tests.
         Please refer to Mockito FAQ on limitations of concurrency testing.
      2. A spy is stubbed using when(spy.foo()).then() syntax. It is safer to stub spies - 
         - with doReturn|Throw() family of methods. More in javadocs for Mockito.spy() method.
      
        at com.paritytrading.parity.fix.SessionTestFactory.createSession(SessionTestFactory.java:58)
      ```
      
      Recompile the project to make sure the new factory / annotation / getter / etc
      is available to Cover.
      For example run `mvn install -DskipTests` or `gradle install -x test`.
      
INFO  
INFO  R081: Exception in arrange section
      
INFO  To resolve the issue, use the following prompt with your AI assistant:
      
      Fix the following issue preventing test creation for the following affected methods:
      com.paritytrading.parity.fix.FIXAcceptor.getServerChannel:()Ljava/nio/channels/ServerSocketChannel;
      
      Diffblue Cover was unable to construct an instance of the class under test using
      com.paritytrading.parity.fix.FIXAcceptor.getServerChannel().
      The arrange section threw
      com.diffblue.cover.sandbox.execution.ForbiddenByPolicyException: Sandboxing policy violation
      More information about the exception is provided in the support log.
      See https://diff.blue/R081 for further troubleshooting of this issue.
      
INFO  
INFO  R011: Sandboxing policy violation
      
INFO  To resolve the issue, use the following prompt with your AI assistant:
      
      Fix the following issue preventing test creation for the following affected methods:
      com.paritytrading.parity.fix.FIXAcceptor.open:(Lcom/paritytrading/parity/fix/OrderEntryFactory;Ljava/net/InetSocketAddress;Ljava/lang/String;Lcom/paritytrading/parity/util/Instruments;)Lcom/paritytrading/parity/fix/FIXAcceptor;
      
      Diffblue Cover ran code in your project that tried
      to access the network.
      Diffblue Cover's default sandboxing policy disallows this in order to prevent
      your code from damaging your system environment.
      See https://diff.blue/R011 to resolve this issue.
      
INFO  
INFO  R011: Sandboxing policy violation
      
INFO  To resolve the issue, use the following prompt with your AI assistant:
      
      Fix the following issue preventing test creation for the following affected methods:
      com.paritytrading.parity.fix.OrderEntryFactory.create:(Lcom/paritytrading/parity/net/poe/POEClientListener;Lcom/paritytrading/nassau/soupbintcp/SoupBinTCPClientStatusListener;)Lcom/paritytrading/nassau/soupbintcp/SoupBinTCPClient;
      
      Diffblue Cover ran code in your project that tried
      to access the network.
      Diffblue Cover's default sandboxing policy disallows this in order to prevent
      your code from damaging your system environment.
      See https://diff.blue/R011 to resolve this issue.
      
INFO  
INFO  R011: Sandboxing policy violation
      
INFO  To resolve the issue, use the following prompt with your AI assistant:
      
      Fix the following issue preventing test creation for the following affected methods:
      com.paritytrading.parity.fix.Session.<init>:(Lcom/paritytrading/parity/fix/OrderEntryFactory;Ljava/nio/channels/SocketChannel;Lcom/paritytrading/philadelphia/FIXConfig;Lcom/paritytrading/parity/util/Instruments;)V
      
      Diffblue Cover ran code in your project that tried
      to access the network.
      Diffblue Cover's default sandboxing policy disallows this in order to prevent
      your code from damaging your system environment.
      See https://diff.blue/R011 to resolve this issue.
      
INFO  
INFO  R081: Exception in arrange section
      
INFO  To resolve the issue, use the following prompt with your AI assistant:
      
      Fix the following issue preventing test creation for the following affected methods:
      com.paritytrading.parity.fix.Session.getFIX:()Lcom/paritytrading/philadelphia/FIXConnection;
      com.paritytrading.parity.fix.Session.getOrderEntry:()Lcom/paritytrading/nassau/soupbintcp/SoupBinTCPClient;
      
      Diffblue Cover was unable to construct an instance of the class under test using
      com.paritytrading.parity.fix.Session.getFIX().
      The arrange section threw
      com.diffblue.cover.sandbox.execution.ForbiddenByPolicyException: Sandboxing policy violation
      More information about the exception is provided in the support log.
      See https://diff.blue/R081 for further troubleshooting of this issue.
      
INFO  
INFO  8 issues were found and displayed
INFO  Rerun without --prompts to summarise all the issues
INFO  
INFO  Log file: /home/jbergqvist/diffblue/paritytrading-parity/.diffblue/log/user-20260120T130921.log
INFO  Finished in 3s
