INFO  Diffblue Cover 2026.01.01-SNAPSHOT-acf7615-local
INFO  
INFO  Command: issues
INFO  Output a prioritized list of issues.
INFO  
INFO  Selected modules:
INFO  - com.paritytrading.parity:parity-file
INFO  
INFO  
INFO  [1/1] Diagnosing issues for module: com.paritytrading.parity:parity-file
INFO  ========================================================================
INFO  
INFO  Detected Java version 1.8.0_472
INFO  Selected build system: Maven
INFO  Selected classpath from build system maven
INFO  Reading report file '/home/jbergqvist/diffblue/paritytrading-parity/libraries/file/.diffblue/reports/report.json'
INFO  Copied report file to '/home/jbergqvist/diffblue/paritytrading-parity/libraries/file/.diffblue/reports/report-20260120T093351.json'
INFO  
INFO  R020: Temporary files were created but not deleted
      The method under test created the following temporary files without deleting
      them:
      - '/tmp/test.txt'
      Please ensure that temporary files are deleted in the method under test.
      See https://diff.blue/R020
      
INFO  Affected methods:
      com.paritytrading.parity.file.taq.TAQWriter.getBuffer:()Ljava/lang/StringBuffer;
      com.paritytrading.parity.file.taq.TAQWriter.getConfig:()Lcom/paritytrading/parity/file/taq/TAQConfig;
      com.paritytrading.parity.file.taq.TAQWriter.getPosition:()Ljava/text/FieldPosition;
      com.paritytrading.parity.file.taq.TAQWriter.getSink:()Ljava/io/PrintWriter;
      com.paritytrading.parity.file.taq.TAQWriter.<init>:(Ljava/io/File;)V
      com.paritytrading.parity.file.taq.TAQWriter.<init>:(Ljava/io/File;Lcom/paritytrading/parity/file/taq/TAQConfig;)V
      
INFO  To resolve the issue, use the following prompt with your AI assistant:
      
      Fix the following issue preventing test creation for:
      com.paritytrading.parity.file.taq.TAQWriter.getBuffer:()Ljava/lang/StringBuffer;
      com.paritytrading.parity.file.taq.TAQWriter.getConfig:()Lcom/paritytrading/parity/file/taq/TAQConfig;
      com.paritytrading.parity.file.taq.TAQWriter.getPosition:()Ljava/text/FieldPosition;
      com.paritytrading.parity.file.taq.TAQWriter.getSink:()Ljava/io/PrintWriter;
      com.paritytrading.parity.file.taq.TAQWriter.<init>:(Ljava/io/File;)V
      com.paritytrading.parity.file.taq.TAQWriter.<init>:(Ljava/io/File;Lcom/paritytrading/parity/file/taq/TAQConfig;)V
      
      The method under test created the following temporary files without deleting
      them:
      - '/tmp/test.txt'
      Please ensure that temporary files are deleted in the method under test.
      See https://diff.blue/R020
      
INFO  
INFO  R013: No inputs found that don't throw a trivial exception
      Diffblue Cover tried to run the arrange/act section, but the test threw
      java.lang.NullPointerException
          at java.io.BufferedOutputStream.write(BufferedOutputStream.java:122)
          at sun.nio.cs.StreamEncoder.writeBytes(StreamEncoder.java:221)
          at sun.nio.cs.StreamEncoder.implClose(StreamEncoder.java:316)
          at sun.nio.cs.StreamEncoder.close(StreamEncoder.java:149)
          at java.io.OutputStreamWriter.close(OutputStreamWriter.java:233)
          at java.io.PrintWriter.close(PrintWriter.java:339)
          at com.paritytrading.parity.file.taq.TAQWriter.close(TAQWriter.java:216)
      In order to prevent the method under test
      from throwing NullPointerException, add constructors or factory
      methods that make it easier to construct fully initialized objects used in
      the method under test.
      See https://diff.blue/R013 to resolve this issue.
      
INFO  Affected methods:
      com.paritytrading.parity.file.taq.TAQWriter.close:()V
      
INFO  To resolve the issue, use the following prompt with your AI assistant:
      
      We are unit testing `com.paritytrading.parity.file.taq.TAQWriter.close:()V`.
      
      Create a parameterless factory method for the problematic
      parameter/this object, determining which by reading the error message below.
      The new factory method should be in the test classpath, not production.
      Create a new factory class if there isn't already one for the class under test.
      Do not create a test yourself, only a factory (don't test the factory either).
      The factory method must be annotated with 
      `@com.diffblue.cover.annotations.InterestingTestFactory`.
      Avoid using mocks, these tend to produce unused stubbing errors or a
      `java.lang.NullPointerException`.
      If your environment has internet access then further documentation on
      factory methods for Cover can be found here:
      https://docs.diffblue.com/features/tutorials/increase-code-coverage#test-factory-pattern
      
      The factory should produce a parameter/this object such that
      the following exception does not occur:
      
      ```
      java.lang.NullPointerException
        at java.io.BufferedOutputStream.write(BufferedOutputStream.java:122)
        at sun.nio.cs.StreamEncoder.writeBytes(StreamEncoder.java:221)
        at sun.nio.cs.StreamEncoder.implClose(StreamEncoder.java:316)
        at sun.nio.cs.StreamEncoder.close(StreamEncoder.java:149)
        at java.io.OutputStreamWriter.close(OutputStreamWriter.java:233)
        at java.io.PrintWriter.close(PrintWriter.java:339)
        at com.paritytrading.parity.file.taq.TAQWriter.close(TAQWriter.java:216)
      ```
      
      Recompile the project to make sure the new factory / annotation / getter / etc
      is available to Cover.
      For example run `mvn install -DskipTests` or `gradle install -x test`.
      
INFO  
INFO  R013: No inputs found that don't throw a trivial exception
      Diffblue Cover tried to run the arrange/act section, but the test threw
      java.lang.NullPointerException
          at java.io.BufferedOutputStream.write(BufferedOutputStream.java:122)
          at sun.nio.cs.StreamEncoder.writeBytes(StreamEncoder.java:221)
          at sun.nio.cs.StreamEncoder.implFlushBuffer(StreamEncoder.java:291)
          at sun.nio.cs.StreamEncoder.implFlush(StreamEncoder.java:295)
          at sun.nio.cs.StreamEncoder.flush(StreamEncoder.java:141)
          at java.io.OutputStreamWriter.flush(OutputStreamWriter.java:229)
          at java.io.PrintWriter.flush(PrintWriter.java:320)
          at com.paritytrading.parity.file.taq.TAQWriter.flush(TAQWriter.java:221)
      In order to prevent the method under test
      from throwing NullPointerException, add constructors or factory
      methods that make it easier to construct fully initialized objects used in
      the method under test.
      See https://diff.blue/R013 to resolve this issue.
      
INFO  Affected methods:
      com.paritytrading.parity.file.taq.TAQWriter.flush:()V
      
INFO  To resolve the issue, use the following prompt with your AI assistant:
      
      We are unit testing `com.paritytrading.parity.file.taq.TAQWriter.flush:()V`.
      
      Create a parameterless factory method for the problematic
      parameter/this object, determining which by reading the error message below.
      The new factory method should be in the test classpath, not production.
      Create a new factory class if there isn't already one for the class under test.
      Do not create a test yourself, only a factory (don't test the factory either).
      The factory method must be annotated with 
      `@com.diffblue.cover.annotations.InterestingTestFactory`.
      Avoid using mocks, these tend to produce unused stubbing errors or a
      `java.lang.NullPointerException`.
      If your environment has internet access then further documentation on
      factory methods for Cover can be found here:
      https://docs.diffblue.com/features/tutorials/increase-code-coverage#test-factory-pattern
      
      The factory should produce a parameter/this object such that
      the following exception does not occur:
      
      ```
      java.lang.NullPointerException
        at java.io.BufferedOutputStream.write(BufferedOutputStream.java:122)
        at sun.nio.cs.StreamEncoder.writeBytes(StreamEncoder.java:221)
        at sun.nio.cs.StreamEncoder.implFlushBuffer(StreamEncoder.java:291)
        at sun.nio.cs.StreamEncoder.implFlush(StreamEncoder.java:295)
        at sun.nio.cs.StreamEncoder.flush(StreamEncoder.java:141)
        at java.io.OutputStreamWriter.flush(OutputStreamWriter.java:229)
        at java.io.PrintWriter.flush(PrintWriter.java:320)
        at com.paritytrading.parity.file.taq.TAQWriter.flush(TAQWriter.java:221)
      ```
      
      Recompile the project to make sure the new factory / annotation / getter / etc
      is available to Cover.
      For example run `mvn install -DskipTests` or `gradle install -x test`.
      
INFO  
INFO  3 issues were found and displayed
INFO  Rerun without --prompts to summarise all the issues
INFO  
INFO  Log file: /home/jbergqvist/diffblue/paritytrading-parity/.diffblue/log/user-20260120T095617.log
INFO  Finished in 3s
