INFO  Diffblue Cover 2025.12.02-74144f0-licensed
INFO  
INFO  Command: create
INFO  Create tests for the specified package/class/method.
INFO  
INFO  Selected modules:
INFO  - com.paritytrading.parity:parity-net
INFO  
INFO  
INFO  [1/1] Creating tests for module: com.paritytrading.parity:parity-net
INFO  ====================================================================
INFO  
INFO  Detecting environment:
INFO  ----------------------
INFO  Detected Java version 1.8.0_472
INFO  Selected build system: Maven
INFO  Selected classpath from build system maven
INFO  Selected test framework: JUnit Jupiter API
INFO  Selected Java language compliance level: 1.8
INFO  Selected test validation: enabled
INFO  Prefixes for filtering classes/methods:
INFO  - com.paritytrading.parity.net
INFO  - com.paritytrading.parity.net.pmd
INFO  - com.paritytrading.parity.net.pmr
INFO  - com.paritytrading.parity.net.poe
INFO  Gathering methods to test...
INFO  Found 59 callable methods in 23 classes
INFO  
INFO  Creating tests:
INFO  ---------------
INFO   [1/23] com.paritytrading.parity.net.ProtocolException
INFO   [1/23]   Tests created: 3
INFO   [2/23] com.paritytrading.parity.net.pmd.PMD$OrderAdded
INFO   [2/23]   Tests created: 3
INFO   [3/23] com.paritytrading.parity.net.pmd.PMD$OrderCanceled
INFO   [3/23]   Tests created: 3
INFO   [4/23] com.paritytrading.parity.net.pmd.PMD$OrderExecuted
INFO   [4/23]   Tests created: 3
INFO   [5/23] com.paritytrading.parity.net.pmd.PMD$Version
INFO   [5/23]   Tests created: 3
INFO   [6/23] com.paritytrading.parity.net.pmd.PMDException
INFO   [6/23]   Tests created: 1
INFO   [7/23] com.paritytrading.parity.net.pmd.PMDParser
INFO   [7/23]   Tests created: 0
INFO   [8/23] com.paritytrading.parity.net.pmr.PMR$OrderAdded
INFO   [8/23]   Tests created: 3
INFO   [9/23] com.paritytrading.parity.net.pmr.PMR$OrderCanceled
INFO   [9/23]   Tests created: 3
INFO  [10/23] com.paritytrading.parity.net.pmr.PMR$OrderEntered
INFO  [10/23]   Tests created: 3
INFO  [11/23] com.paritytrading.parity.net.pmr.PMR$Trade
INFO  [11/23]   Tests created: 3
INFO  [12/23] com.paritytrading.parity.net.pmr.PMR$Version
INFO  [12/23]   Tests created: 3
INFO  [13/23] com.paritytrading.parity.net.pmr.PMRException
INFO  [13/23]   Tests created: 1
INFO  [14/23] com.paritytrading.parity.net.pmr.PMRParser
INFO  [14/23]   Tests created: 0
INFO  [15/23] com.paritytrading.parity.net.poe.POE$CancelOrder
INFO  [15/23]   Tests created: 3
INFO  [16/23] com.paritytrading.parity.net.poe.POE$EnterOrder
INFO  [16/23]   Tests created: 3
INFO  [17/23] com.paritytrading.parity.net.poe.POE$OrderAccepted
INFO  [17/23]   Tests created: 3
INFO  [18/23] com.paritytrading.parity.net.poe.POE$OrderCanceled
INFO  [18/23]   Tests created: 3
INFO  [19/23] com.paritytrading.parity.net.poe.POE$OrderExecuted
INFO  [19/23]   Tests created: 3
INFO  [20/23] com.paritytrading.parity.net.poe.POE$OrderRejected
INFO  [20/23]   Tests created: 3
INFO  [21/23] com.paritytrading.parity.net.poe.POEClientParser
INFO  [21/23]   Tests created: 0
INFO  [22/23] com.paritytrading.parity.net.poe.POEException
INFO  [22/23]   Tests created: 1
INFO  [23/23] com.paritytrading.parity.net.poe.POEServerParser
INFO  [23/23]   Tests created: 0
INFO  
INFO  Test creation summary for module: com.paritytrading.parity:parity-net
INFO  ---------------------------------------------------------------------
INFO  Total:                                              59 methods
INFO  51 tests created for:                               51 methods
INFO  
INFO  No tests created for:                                8 methods
INFO  
INFO  Running validation command.
INFO  This can take a couple of minutes.
INFO  All 51 created tests were successfully validated.
INFO  Calculating coverage from Diffblue tests.
INFO  JaCoCo report file created in /home/jbergqvist/diffblue/paritytrading-parity/libraries/net/.diffblue/reports/diffblue-tests-jacoco-report.xml
INFO  Calculating coverage from manual tests.
INFO  JaCoCo report file created in /home/jbergqvist/diffblue/paritytrading-parity/libraries/net/.diffblue/reports/manual-tests-jacoco-report.xml
INFO  
INFO  Diffblue tests cover 248 of 345 lines to cover (71.9%)
INFO  Manual tests cover 0 of 345 lines to cover (0.0%)
INFO  Writing JSON report to /home/jbergqvist/diffblue/paritytrading-parity/libraries/net/.diffblue/reports/report.json
INFO  
INFO  Log file: /home/jbergqvist/diffblue/paritytrading-parity/.diffblue/log/user-20260120T111036.log
INFO  Finished in 1m 2s
