INFO  Diffblue Cover 2026.01.01-SNAPSHOT-acf7615-local
INFO  
INFO  Command: issues
INFO  Output a prioritized list of issues.
INFO  
INFO  Selected modules:
INFO  - com.paritytrading.parity:parity-net
INFO  
INFO  
INFO  [1/1] Diagnosing issues for module: com.paritytrading.parity:parity-net
INFO  =======================================================================
INFO  
INFO  Detected Java version 1.8.0_472
INFO  Selected build system: Maven
INFO  Selected classpath from build system maven
INFO  Reading report file '/home/jbergqvist/diffblue/paritytrading-parity/libraries/net/.diffblue/reports/report.json'
INFO  Copied report file to '/home/jbergqvist/diffblue/paritytrading-parity/libraries/net/.diffblue/reports/report-20260120T105443.json'
INFO  
INFO  R013: No inputs found that don't throw a trivial exception
      Diffblue Cover tried to run the arrange/act section, but the test threw
      java.nio.BufferUnderflowException
          at java.nio.Buffer.nextGetIndex(Buffer.java:510)
          at java.nio.HeapByteBuffer.getLong(HeapByteBuffer.java:427)
          at com.paritytrading.parity.net.pmd.PMD$OrderAdded.get(PMD.java:84)
      In order to prevent the method under test
      from throwing BufferUnderflowException, add constructors or factory
      methods that make it easier to construct fully initialized objects used in
      the method under test.
      See https://diff.blue/R013 to resolve this issue.
      
INFO  Affected methods:
      com.paritytrading.parity.net.pmd.PMD$OrderAdded.get:(Ljava/nio/ByteBuffer;)V
      
INFO  To resolve the issue, use the following prompt with your AI assistant:
      
      We are unit testing `com.paritytrading.parity.net.pmd.PMD$OrderAdded.get:(Ljava/nio/ByteBuffer;)V`.
      
      Create a parameterless factory method for the problematic
      parameter/this object, determining which by reading the error message below.
      The new factory method should be in the test classpath, not production.
      Create a new factory class if there isn't already one for the class under test.
      Do not create a test yourself, only a factory (don't test the factory either).
      The factory method must be annotated with 
      `@com.diffblue.cover.annotations.InterestingTestFactory`.
      Avoid using mocks, these tend to produce unused stubbing errors or a
      `java.lang.NullPointerException`.
      If your environment has internet access then further documentation on
      factory methods for Cover can be found here:
      https://docs.diffblue.com/features/tutorials/increase-code-coverage#test-factory-pattern
      
      The factory should produce a parameter/this object such that
      the following exception does not occur:
      
      ```
      java.nio.BufferUnderflowException
        at java.nio.Buffer.nextGetIndex(Buffer.java:510)
        at java.nio.HeapByteBuffer.getLong(HeapByteBuffer.java:427)
        at com.paritytrading.parity.net.pmd.PMD$OrderAdded.get(PMD.java:84)
      ```
      
      Recompile the project to make sure the new factory / annotation / getter / etc
      is available to Cover.
      For example run `mvn install -DskipTests` or `gradle install -x test`.
      
INFO  
INFO  R013: No inputs found that don't throw a trivial exception
      Diffblue Cover tried to run the arrange/act section, but the test threw
      java.nio.BufferOverflowException
          at java.nio.Buffer.nextPutIndex(Buffer.java:533)
          at java.nio.HeapByteBuffer.putLong(HeapByteBuffer.java:438)
          at com.paritytrading.parity.net.pmd.PMD$OrderAdded.put(PMD.java:95)
      In order to prevent the method under test
      from throwing BufferOverflowException, add constructors or factory
      methods that make it easier to construct fully initialized objects used in
      the method under test.
      See https://diff.blue/R013 to resolve this issue.
      
INFO  Affected methods:
      com.paritytrading.parity.net.pmd.PMD$OrderAdded.put:(Ljava/nio/ByteBuffer;)V
      
INFO  To resolve the issue, use the following prompt with your AI assistant:
      
      We are unit testing `com.paritytrading.parity.net.pmd.PMD$OrderAdded.put:(Ljava/nio/ByteBuffer;)V`.
      
      Create a parameterless factory method for the problematic
      parameter/this object, determining which by reading the error message below.
      The new factory method should be in the test classpath, not production.
      Create a new factory class if there isn't already one for the class under test.
      Do not create a test yourself, only a factory (don't test the factory either).
      The factory method must be annotated with 
      `@com.diffblue.cover.annotations.InterestingTestFactory`.
      Avoid using mocks, these tend to produce unused stubbing errors or a
      `java.lang.NullPointerException`.
      If your environment has internet access then further documentation on
      factory methods for Cover can be found here:
      https://docs.diffblue.com/features/tutorials/increase-code-coverage#test-factory-pattern
      
      The factory should produce a parameter/this object such that
      the following exception does not occur:
      
      ```
      java.nio.BufferOverflowException
        at java.nio.Buffer.nextPutIndex(Buffer.java:533)
        at java.nio.HeapByteBuffer.putLong(HeapByteBuffer.java:438)
        at com.paritytrading.parity.net.pmd.PMD$OrderAdded.put(PMD.java:95)
      ```
      
      Recompile the project to make sure the new factory / annotation / getter / etc
      is available to Cover.
      For example run `mvn install -DskipTests` or `gradle install -x test`.
      
INFO  
INFO  R013: No inputs found that don't throw a trivial exception
      Diffblue Cover tried to run the arrange/act section, but the test threw
      java.nio.BufferOverflowException
          at java.nio.Buffer.nextPutIndex(Buffer.java:533)
          at java.nio.HeapByteBuffer.putLong(HeapByteBuffer.java:438)
          at com.paritytrading.parity.net.pmd.PMD$OrderCanceled.put(PMD.java:148)
      In order to prevent the method under test
      from throwing BufferOverflowException, add constructors or factory
      methods that make it easier to construct fully initialized objects used in
      the method under test.
      See https://diff.blue/R013 to resolve this issue.
      
INFO  Affected methods:
      com.paritytrading.parity.net.pmd.PMD$OrderCanceled.put:(Ljava/nio/ByteBuffer;)V
      
INFO  To resolve the issue, use the following prompt with your AI assistant:
      
      We are unit testing `com.paritytrading.parity.net.pmd.PMD$OrderCanceled.put:(Ljava/nio/ByteBuffer;)V`.
      
      Create a parameterless factory method for the problematic
      parameter/this object, determining which by reading the error message below.
      The new factory method should be in the test classpath, not production.
      Create a new factory class if there isn't already one for the class under test.
      Do not create a test yourself, only a factory (don't test the factory either).
      The factory method must be annotated with 
      `@com.diffblue.cover.annotations.InterestingTestFactory`.
      Avoid using mocks, these tend to produce unused stubbing errors or a
      `java.lang.NullPointerException`.
      If your environment has internet access then further documentation on
      factory methods for Cover can be found here:
      https://docs.diffblue.com/features/tutorials/increase-code-coverage#test-factory-pattern
      
      The factory should produce a parameter/this object such that
      the following exception does not occur:
      
      ```
      java.nio.BufferOverflowException
        at java.nio.Buffer.nextPutIndex(Buffer.java:533)
        at java.nio.HeapByteBuffer.putLong(HeapByteBuffer.java:438)
        at com.paritytrading.parity.net.pmd.PMD$OrderCanceled.put(PMD.java:148)
      ```
      
      Recompile the project to make sure the new factory / annotation / getter / etc
      is available to Cover.
      For example run `mvn install -DskipTests` or `gradle install -x test`.
      
INFO  
INFO  R013: No inputs found that don't throw a trivial exception
      Diffblue Cover tried to run the arrange/act section, but the test threw
      java.nio.BufferUnderflowException
          at java.nio.Buffer.nextGetIndex(Buffer.java:510)
          at java.nio.HeapByteBuffer.getInt(HeapByteBuffer.java:375)
          at com.paritytrading.parity.net.pmd.PMD.getUnsignedInt(PMD.java:153)
          at com.paritytrading.parity.net.pmd.PMD.access$000(PMD.java:24)
          at com.paritytrading.parity.net.pmd.PMD$OrderExecuted.get(PMD.java:115)
      In order to prevent the method under test
      from throwing BufferUnderflowException, add constructors or factory
      methods that make it easier to construct fully initialized objects used in
      the method under test.
      See https://diff.blue/R013 to resolve this issue.
      
INFO  Affected methods:
      com.paritytrading.parity.net.pmd.PMD$OrderExecuted.get:(Ljava/nio/ByteBuffer;)V
      
INFO  To resolve the issue, use the following prompt with your AI assistant:
      
      We are unit testing `com.paritytrading.parity.net.pmd.PMD$OrderExecuted.get:(Ljava/nio/ByteBuffer;)V`.
      
      Create a parameterless factory method for the problematic
      parameter/this object, determining which by reading the error message below.
      The new factory method should be in the test classpath, not production.
      Create a new factory class if there isn't already one for the class under test.
      Do not create a test yourself, only a factory (don't test the factory either).
      The factory method must be annotated with 
      `@com.diffblue.cover.annotations.InterestingTestFactory`.
      Avoid using mocks, these tend to produce unused stubbing errors or a
      `java.lang.NullPointerException`.
      If your environment has internet access then further documentation on
      factory methods for Cover can be found here:
      https://docs.diffblue.com/features/tutorials/increase-code-coverage#test-factory-pattern
      
      The factory should produce a parameter/this object such that
      the following exception does not occur:
      
      ```
      java.nio.BufferUnderflowException
        at java.nio.Buffer.nextGetIndex(Buffer.java:510)
        at java.nio.HeapByteBuffer.getInt(HeapByteBuffer.java:375)
        at com.paritytrading.parity.net.pmd.PMD.getUnsignedInt(PMD.java:153)
        at com.paritytrading.parity.net.pmd.PMD.access$000(PMD.java:24)
        at com.paritytrading.parity.net.pmd.PMD$OrderExecuted.get(PMD.java:115)
      ```
      
      Recompile the project to make sure the new factory / annotation / getter / etc
      is available to Cover.
      For example run `mvn install -DskipTests` or `gradle install -x test`.
      
INFO  
INFO  R013: No inputs found that don't throw a trivial exception
      Diffblue Cover tried to run the arrange/act section, but the test threw
      java.nio.BufferOverflowException
          at java.nio.Buffer.nextPutIndex(Buffer.java:533)
          at java.nio.HeapByteBuffer.putLong(HeapByteBuffer.java:438)
          at com.paritytrading.parity.net.pmd.PMD$OrderExecuted.put(PMD.java:123)
      In order to prevent the method under test
      from throwing BufferOverflowException, add constructors or factory
      methods that make it easier to construct fully initialized objects used in
      the method under test.
      See https://diff.blue/R013 to resolve this issue.
      
INFO  Affected methods:
      com.paritytrading.parity.net.pmd.PMD$OrderExecuted.put:(Ljava/nio/ByteBuffer;)V
      
INFO  To resolve the issue, use the following prompt with your AI assistant:
      
      We are unit testing `com.paritytrading.parity.net.pmd.PMD$OrderExecuted.put:(Ljava/nio/ByteBuffer;)V`.
      
      Create a parameterless factory method for the problematic
      parameter/this object, determining which by reading the error message below.
      The new factory method should be in the test classpath, not production.
      Create a new factory class if there isn't already one for the class under test.
      Do not create a test yourself, only a factory (don't test the factory either).
      The factory method must be annotated with 
      `@com.diffblue.cover.annotations.InterestingTestFactory`.
      Avoid using mocks, these tend to produce unused stubbing errors or a
      `java.lang.NullPointerException`.
      If your environment has internet access then further documentation on
      factory methods for Cover can be found here:
      https://docs.diffblue.com/features/tutorials/increase-code-coverage#test-factory-pattern
      
      The factory should produce a parameter/this object such that
      the following exception does not occur:
      
      ```
      java.nio.BufferOverflowException
        at java.nio.Buffer.nextPutIndex(Buffer.java:533)
        at java.nio.HeapByteBuffer.putLong(HeapByteBuffer.java:438)
        at com.paritytrading.parity.net.pmd.PMD$OrderExecuted.put(PMD.java:123)
      ```
      
      Recompile the project to make sure the new factory / annotation / getter / etc
      is available to Cover.
      For example run `mvn install -DskipTests` or `gradle install -x test`.
      
INFO  
INFO  R013: No inputs found that don't throw a trivial exception
      Diffblue Cover tried to run the arrange/act section, but the test threw
      java.nio.BufferOverflowException
          at java.nio.Buffer.nextPutIndex(Buffer.java:533)
          at java.nio.HeapByteBuffer.putLong(HeapByteBuffer.java:438)
          at com.paritytrading.parity.net.pmr.PMR$OrderCanceled.put(PMR.java:150)
      In order to prevent the method under test
      from throwing BufferOverflowException, add constructors or factory
      methods that make it easier to construct fully initialized objects used in
      the method under test.
      See https://diff.blue/R013 to resolve this issue.
      
INFO  Affected methods:
      com.paritytrading.parity.net.pmr.PMR$OrderCanceled.put:(Ljava/nio/ByteBuffer;)V
      
INFO  To resolve the issue, use the following prompt with your AI assistant:
      
      We are unit testing `com.paritytrading.parity.net.pmr.PMR$OrderCanceled.put:(Ljava/nio/ByteBuffer;)V`.
      
      Create a parameterless factory method for the problematic
      parameter/this object, determining which by reading the error message below.
      The new factory method should be in the test classpath, not production.
      Create a new factory class if there isn't already one for the class under test.
      Do not create a test yourself, only a factory (don't test the factory either).
      The factory method must be annotated with 
      `@com.diffblue.cover.annotations.InterestingTestFactory`.
      Avoid using mocks, these tend to produce unused stubbing errors or a
      `java.lang.NullPointerException`.
      If your environment has internet access then further documentation on
      factory methods for Cover can be found here:
      https://docs.diffblue.com/features/tutorials/increase-code-coverage#test-factory-pattern
      
      The factory should produce a parameter/this object such that
      the following exception does not occur:
      
      ```
      java.nio.BufferOverflowException
        at java.nio.Buffer.nextPutIndex(Buffer.java:533)
        at java.nio.HeapByteBuffer.putLong(HeapByteBuffer.java:438)
        at com.paritytrading.parity.net.pmr.PMR$OrderCanceled.put(PMR.java:150)
      ```
      
      Recompile the project to make sure the new factory / annotation / getter / etc
      is available to Cover.
      For example run `mvn install -DskipTests` or `gradle install -x test`.
      
INFO  
INFO  R013: No inputs found that don't throw a trivial exception
      Diffblue Cover tried to run the arrange/act section, but the test threw
      java.nio.BufferUnderflowException
          at java.nio.Buffer.nextGetIndex(Buffer.java:502)
          at java.nio.HeapByteBuffer.get(HeapByteBuffer.java:138)
          at com.paritytrading.parity.net.pmr.PMR$OrderEntered.get(PMR.java:90)
      In order to prevent the method under test
      from throwing BufferUnderflowException, add constructors or factory
      methods that make it easier to construct fully initialized objects used in
      the method under test.
      See https://diff.blue/R013 to resolve this issue.
      
INFO  Affected methods:
      com.paritytrading.parity.net.pmr.PMR$OrderEntered.get:(Ljava/nio/ByteBuffer;)V
      
INFO  To resolve the issue, use the following prompt with your AI assistant:
      
      We are unit testing `com.paritytrading.parity.net.pmr.PMR$OrderEntered.get:(Ljava/nio/ByteBuffer;)V`.
      
      Create a parameterless factory method for the problematic
      parameter/this object, determining which by reading the error message below.
      The new factory method should be in the test classpath, not production.
      Create a new factory class if there isn't already one for the class under test.
      Do not create a test yourself, only a factory (don't test the factory either).
      The factory method must be annotated with 
      `@com.diffblue.cover.annotations.InterestingTestFactory`.
      Avoid using mocks, these tend to produce unused stubbing errors or a
      `java.lang.NullPointerException`.
      If your environment has internet access then further documentation on
      factory methods for Cover can be found here:
      https://docs.diffblue.com/features/tutorials/increase-code-coverage#test-factory-pattern
      
      The factory should produce a parameter/this object such that
      the following exception does not occur:
      
      ```
      java.nio.BufferUnderflowException
        at java.nio.Buffer.nextGetIndex(Buffer.java:502)
        at java.nio.HeapByteBuffer.get(HeapByteBuffer.java:138)
        at com.paritytrading.parity.net.pmr.PMR$OrderEntered.get(PMR.java:90)
      ```
      
      Recompile the project to make sure the new factory / annotation / getter / etc
      is available to Cover.
      For example run `mvn install -DskipTests` or `gradle install -x test`.
      
INFO  
INFO  R013: No inputs found that don't throw a trivial exception
      Diffblue Cover tried to run the arrange/act section, but the test threw
      java.nio.BufferOverflowException
          at java.nio.Buffer.nextPutIndex(Buffer.java:533)
          at java.nio.HeapByteBuffer.putLong(HeapByteBuffer.java:438)
          at com.paritytrading.parity.net.pmr.PMR$OrderEntered.put(PMR.java:101)
      In order to prevent the method under test
      from throwing BufferOverflowException, add constructors or factory
      methods that make it easier to construct fully initialized objects used in
      the method under test.
      See https://diff.blue/R013 to resolve this issue.
      
INFO  Affected methods:
      com.paritytrading.parity.net.pmr.PMR$OrderEntered.put:(Ljava/nio/ByteBuffer;)V
      
INFO  To resolve the issue, use the following prompt with your AI assistant:
      
      We are unit testing `com.paritytrading.parity.net.pmr.PMR$OrderEntered.put:(Ljava/nio/ByteBuffer;)V`.
      
      Create a parameterless factory method for the problematic
      parameter/this object, determining which by reading the error message below.
      The new factory method should be in the test classpath, not production.
      Create a new factory class if there isn't already one for the class under test.
      Do not create a test yourself, only a factory (don't test the factory either).
      The factory method must be annotated with 
      `@com.diffblue.cover.annotations.InterestingTestFactory`.
      Avoid using mocks, these tend to produce unused stubbing errors or a
      `java.lang.NullPointerException`.
      If your environment has internet access then further documentation on
      factory methods for Cover can be found here:
      https://docs.diffblue.com/features/tutorials/increase-code-coverage#test-factory-pattern
      
      The factory should produce a parameter/this object such that
      the following exception does not occur:
      
      ```
      java.nio.BufferOverflowException
        at java.nio.Buffer.nextPutIndex(Buffer.java:533)
        at java.nio.HeapByteBuffer.putLong(HeapByteBuffer.java:438)
        at com.paritytrading.parity.net.pmr.PMR$OrderEntered.put(PMR.java:101)
      ```
      
      Recompile the project to make sure the new factory / annotation / getter / etc
      is available to Cover.
      For example run `mvn install -DskipTests` or `gradle install -x test`.
      
INFO  
INFO  R013: No inputs found that don't throw a trivial exception
      Diffblue Cover tried to run the arrange/act section, but the test threw
      java.nio.BufferUnderflowException
          at java.nio.Buffer.nextGetIndex(Buffer.java:510)
          at java.nio.HeapByteBuffer.getLong(HeapByteBuffer.java:427)
          at com.paritytrading.parity.net.pmr.PMR$Trade.get(PMR.java:169)
      In order to prevent the method under test
      from throwing BufferUnderflowException, add constructors or factory
      methods that make it easier to construct fully initialized objects used in
      the method under test.
      See https://diff.blue/R013 to resolve this issue.
      
INFO  Affected methods:
      com.paritytrading.parity.net.pmr.PMR$Trade.get:(Ljava/nio/ByteBuffer;)V
      
INFO  To resolve the issue, use the following prompt with your AI assistant:
      
      We are unit testing `com.paritytrading.parity.net.pmr.PMR$Trade.get:(Ljava/nio/ByteBuffer;)V`.
      
      Create a parameterless factory method for the problematic
      parameter/this object, determining which by reading the error message below.
      The new factory method should be in the test classpath, not production.
      Create a new factory class if there isn't already one for the class under test.
      Do not create a test yourself, only a factory (don't test the factory either).
      The factory method must be annotated with 
      `@com.diffblue.cover.annotations.InterestingTestFactory`.
      Avoid using mocks, these tend to produce unused stubbing errors or a
      `java.lang.NullPointerException`.
      If your environment has internet access then further documentation on
      factory methods for Cover can be found here:
      https://docs.diffblue.com/features/tutorials/increase-code-coverage#test-factory-pattern
      
      The factory should produce a parameter/this object such that
      the following exception does not occur:
      
      ```
      java.nio.BufferUnderflowException
        at java.nio.Buffer.nextGetIndex(Buffer.java:510)
        at java.nio.HeapByteBuffer.getLong(HeapByteBuffer.java:427)
        at com.paritytrading.parity.net.pmr.PMR$Trade.get(PMR.java:169)
      ```
      
      Recompile the project to make sure the new factory / annotation / getter / etc
      is available to Cover.
      For example run `mvn install -DskipTests` or `gradle install -x test`.
      
INFO  
INFO  R013: No inputs found that don't throw a trivial exception
      Diffblue Cover tried to run the arrange/act section, but the test threw
      java.nio.BufferOverflowException
          at java.nio.Buffer.nextPutIndex(Buffer.java:533)
          at java.nio.HeapByteBuffer.putLong(HeapByteBuffer.java:438)
          at com.paritytrading.parity.net.pmr.PMR$Trade.put(PMR.java:178)
      In order to prevent the method under test
      from throwing BufferOverflowException, add constructors or factory
      methods that make it easier to construct fully initialized objects used in
      the method under test.
      See https://diff.blue/R013 to resolve this issue.
      
INFO  Affected methods:
      com.paritytrading.parity.net.pmr.PMR$Trade.put:(Ljava/nio/ByteBuffer;)V
      
INFO  To resolve the issue, use the following prompt with your AI assistant:
      
      We are unit testing `com.paritytrading.parity.net.pmr.PMR$Trade.put:(Ljava/nio/ByteBuffer;)V`.
      
      Create a parameterless factory method for the problematic
      parameter/this object, determining which by reading the error message below.
      The new factory method should be in the test classpath, not production.
      Create a new factory class if there isn't already one for the class under test.
      Do not create a test yourself, only a factory (don't test the factory either).
      The factory method must be annotated with 
      `@com.diffblue.cover.annotations.InterestingTestFactory`.
      Avoid using mocks, these tend to produce unused stubbing errors or a
      `java.lang.NullPointerException`.
      If your environment has internet access then further documentation on
      factory methods for Cover can be found here:
      https://docs.diffblue.com/features/tutorials/increase-code-coverage#test-factory-pattern
      
      The factory should produce a parameter/this object such that
      the following exception does not occur:
      
      ```
      java.nio.BufferOverflowException
        at java.nio.Buffer.nextPutIndex(Buffer.java:533)
        at java.nio.HeapByteBuffer.putLong(HeapByteBuffer.java:438)
        at com.paritytrading.parity.net.pmr.PMR$Trade.put(PMR.java:178)
      ```
      
      Recompile the project to make sure the new factory / annotation / getter / etc
      is available to Cover.
      For example run `mvn install -DskipTests` or `gradle install -x test`.
      
INFO  
INFO  R013: No inputs found that don't throw a trivial exception
      Diffblue Cover tried to run the arrange/act section, but the test threw
      java.nio.BufferOverflowException
          at java.nio.Buffer.nextPutIndex(Buffer.java:533)
          at java.nio.HeapByteBuffer.putLong(HeapByteBuffer.java:438)
          at com.paritytrading.parity.net.poe.POE$CancelOrder.put(POE.java:126)
      In order to prevent the method under test
      from throwing BufferOverflowException, add constructors or factory
      methods that make it easier to construct fully initialized objects used in
      the method under test.
      See https://diff.blue/R013 to resolve this issue.
      
INFO  Affected methods:
      com.paritytrading.parity.net.poe.POE$CancelOrder.put:(Ljava/nio/ByteBuffer;)V
      
INFO  To resolve the issue, use the following prompt with your AI assistant:
      
      We are unit testing `com.paritytrading.parity.net.poe.POE$CancelOrder.put:(Ljava/nio/ByteBuffer;)V`.
      
      Create a parameterless factory method for the problematic
      parameter/this object, determining which by reading the error message below.
      The new factory method should be in the test classpath, not production.
      Create a new factory class if there isn't already one for the class under test.
      Do not create a test yourself, only a factory (don't test the factory either).
      The factory method must be annotated with 
      `@com.diffblue.cover.annotations.InterestingTestFactory`.
      Avoid using mocks, these tend to produce unused stubbing errors or a
      `java.lang.NullPointerException`.
      If your environment has internet access then further documentation on
      factory methods for Cover can be found here:
      https://docs.diffblue.com/features/tutorials/increase-code-coverage#test-factory-pattern
      
      The factory should produce a parameter/this object such that
      the following exception does not occur:
      
      ```
      java.nio.BufferOverflowException
        at java.nio.Buffer.nextPutIndex(Buffer.java:533)
        at java.nio.HeapByteBuffer.putLong(HeapByteBuffer.java:438)
        at com.paritytrading.parity.net.poe.POE$CancelOrder.put(POE.java:126)
      ```
      
      Recompile the project to make sure the new factory / annotation / getter / etc
      is available to Cover.
      For example run `mvn install -DskipTests` or `gradle install -x test`.
      
INFO  
INFO  R013: No inputs found that don't throw a trivial exception
      Diffblue Cover tried to run the arrange/act section, but the test threw
      java.nio.BufferUnderflowException
          at java.nio.Buffer.nextGetIndex(Buffer.java:510)
          at java.nio.HeapByteBuffer.getLong(HeapByteBuffer.java:427)
          at com.paritytrading.parity.net.poe.POE$EnterOrder.get(POE.java:86)
      In order to prevent the method under test
      from throwing BufferUnderflowException, add constructors or factory
      methods that make it easier to construct fully initialized objects used in
      the method under test.
      See https://diff.blue/R013 to resolve this issue.
      
INFO  Affected methods:
      com.paritytrading.parity.net.poe.POE$EnterOrder.get:(Ljava/nio/ByteBuffer;)V
      
INFO  To resolve the issue, use the following prompt with your AI assistant:
      
      We are unit testing `com.paritytrading.parity.net.poe.POE$EnterOrder.get:(Ljava/nio/ByteBuffer;)V`.
      
      Create a parameterless factory method for the problematic
      parameter/this object, determining which by reading the error message below.
      The new factory method should be in the test classpath, not production.
      Create a new factory class if there isn't already one for the class under test.
      Do not create a test yourself, only a factory (don't test the factory either).
      The factory method must be annotated with 
      `@com.diffblue.cover.annotations.InterestingTestFactory`.
      Avoid using mocks, these tend to produce unused stubbing errors or a
      `java.lang.NullPointerException`.
      If your environment has internet access then further documentation on
      factory methods for Cover can be found here:
      https://docs.diffblue.com/features/tutorials/increase-code-coverage#test-factory-pattern
      
      The factory should produce a parameter/this object such that
      the following exception does not occur:
      
      ```
      java.nio.BufferUnderflowException
        at java.nio.Buffer.nextGetIndex(Buffer.java:510)
        at java.nio.HeapByteBuffer.getLong(HeapByteBuffer.java:427)
        at com.paritytrading.parity.net.poe.POE$EnterOrder.get(POE.java:86)
      ```
      
      Recompile the project to make sure the new factory / annotation / getter / etc
      is available to Cover.
      For example run `mvn install -DskipTests` or `gradle install -x test`.
      
INFO  
INFO  R013: No inputs found that don't throw a trivial exception
      Diffblue Cover tried to run the arrange/act section, but the test threw
      java.nio.BufferOverflowException
          at java.nio.Buffer.nextPutIndex(Buffer.java:533)
          at java.nio.HeapByteBuffer.putLong(HeapByteBuffer.java:438)
          at com.paritytrading.parity.net.poe.POE$EnterOrder.put(POE.java:96)
      In order to prevent the method under test
      from throwing BufferOverflowException, add constructors or factory
      methods that make it easier to construct fully initialized objects used in
      the method under test.
      See https://diff.blue/R013 to resolve this issue.
      
INFO  Affected methods:
      com.paritytrading.parity.net.poe.POE$EnterOrder.put:(Ljava/nio/ByteBuffer;)V
      
INFO  To resolve the issue, use the following prompt with your AI assistant:
      
      We are unit testing `com.paritytrading.parity.net.poe.POE$EnterOrder.put:(Ljava/nio/ByteBuffer;)V`.
      
      Create a parameterless factory method for the problematic
      parameter/this object, determining which by reading the error message below.
      The new factory method should be in the test classpath, not production.
      Create a new factory class if there isn't already one for the class under test.
      Do not create a test yourself, only a factory (don't test the factory either).
      The factory method must be annotated with 
      `@com.diffblue.cover.annotations.InterestingTestFactory`.
      Avoid using mocks, these tend to produce unused stubbing errors or a
      `java.lang.NullPointerException`.
      If your environment has internet access then further documentation on
      factory methods for Cover can be found here:
      https://docs.diffblue.com/features/tutorials/increase-code-coverage#test-factory-pattern
      
      The factory should produce a parameter/this object such that
      the following exception does not occur:
      
      ```
      java.nio.BufferOverflowException
        at java.nio.Buffer.nextPutIndex(Buffer.java:533)
        at java.nio.HeapByteBuffer.putLong(HeapByteBuffer.java:438)
        at com.paritytrading.parity.net.poe.POE$EnterOrder.put(POE.java:96)
      ```
      
      Recompile the project to make sure the new factory / annotation / getter / etc
      is available to Cover.
      For example run `mvn install -DskipTests` or `gradle install -x test`.
      
INFO  
INFO  R013: No inputs found that don't throw a trivial exception
      Diffblue Cover tried to run the arrange/act section, but the test threw
      java.nio.BufferUnderflowException
          at java.nio.Buffer.nextGetIndex(Buffer.java:502)
          at java.nio.HeapByteBuffer.get(HeapByteBuffer.java:138)
          at com.paritytrading.parity.net.poe.POE$OrderAccepted.get(POE.java:169)
      In order to prevent the method under test
      from throwing BufferUnderflowException, add constructors or factory
      methods that make it easier to construct fully initialized objects used in
      the method under test.
      See https://diff.blue/R013 to resolve this issue.
      
INFO  Affected methods:
      com.paritytrading.parity.net.poe.POE$OrderAccepted.get:(Ljava/nio/ByteBuffer;)V
      
INFO  To resolve the issue, use the following prompt with your AI assistant:
      
      We are unit testing `com.paritytrading.parity.net.poe.POE$OrderAccepted.get:(Ljava/nio/ByteBuffer;)V`.
      
      Create a parameterless factory method for the problematic
      parameter/this object, determining which by reading the error message below.
      The new factory method should be in the test classpath, not production.
      Create a new factory class if there isn't already one for the class under test.
      Do not create a test yourself, only a factory (don't test the factory either).
      The factory method must be annotated with 
      `@com.diffblue.cover.annotations.InterestingTestFactory`.
      Avoid using mocks, these tend to produce unused stubbing errors or a
      `java.lang.NullPointerException`.
      If your environment has internet access then further documentation on
      factory methods for Cover can be found here:
      https://docs.diffblue.com/features/tutorials/increase-code-coverage#test-factory-pattern
      
      The factory should produce a parameter/this object such that
      the following exception does not occur:
      
      ```
      java.nio.BufferUnderflowException
        at java.nio.Buffer.nextGetIndex(Buffer.java:502)
        at java.nio.HeapByteBuffer.get(HeapByteBuffer.java:138)
        at com.paritytrading.parity.net.poe.POE$OrderAccepted.get(POE.java:169)
      ```
      
      Recompile the project to make sure the new factory / annotation / getter / etc
      is available to Cover.
      For example run `mvn install -DskipTests` or `gradle install -x test`.
      
INFO  
INFO  R013: No inputs found that don't throw a trivial exception
      Diffblue Cover tried to run the arrange/act section, but the test threw
      java.nio.BufferOverflowException
          at java.nio.HeapByteBuffer.put(HeapByteBuffer.java:194)
          at java.nio.ByteBuffer.put(ByteBuffer.java:867)
          at com.paritytrading.parity.net.poe.POE$OrderAccepted.put(POE.java:180)
      In order to prevent the method under test
      from throwing BufferOverflowException, add constructors or factory
      methods that make it easier to construct fully initialized objects used in
      the method under test.
      See https://diff.blue/R013 to resolve this issue.
      
INFO  Affected methods:
      com.paritytrading.parity.net.poe.POE$OrderAccepted.put:(Ljava/nio/ByteBuffer;)V
      
INFO  To resolve the issue, use the following prompt with your AI assistant:
      
      We are unit testing `com.paritytrading.parity.net.poe.POE$OrderAccepted.put:(Ljava/nio/ByteBuffer;)V`.
      
      Create a parameterless factory method for the problematic
      parameter/this object, determining which by reading the error message below.
      The new factory method should be in the test classpath, not production.
      Create a new factory class if there isn't already one for the class under test.
      Do not create a test yourself, only a factory (don't test the factory either).
      The factory method must be annotated with 
      `@com.diffblue.cover.annotations.InterestingTestFactory`.
      Avoid using mocks, these tend to produce unused stubbing errors or a
      `java.lang.NullPointerException`.
      If your environment has internet access then further documentation on
      factory methods for Cover can be found here:
      https://docs.diffblue.com/features/tutorials/increase-code-coverage#test-factory-pattern
      
      The factory should produce a parameter/this object such that
      the following exception does not occur:
      
      ```
      java.nio.BufferOverflowException
        at java.nio.HeapByteBuffer.put(HeapByteBuffer.java:194)
        at java.nio.ByteBuffer.put(ByteBuffer.java:867)
        at com.paritytrading.parity.net.poe.POE$OrderAccepted.put(POE.java:180)
      ```
      
      Recompile the project to make sure the new factory / annotation / getter / etc
      is available to Cover.
      For example run `mvn install -DskipTests` or `gradle install -x test`.
      
INFO  
INFO  R013: No inputs found that don't throw a trivial exception
      Diffblue Cover tried to run the arrange/act section, but the test threw
      java.nio.BufferUnderflowException
          at java.nio.Buffer.nextGetIndex(Buffer.java:510)
          at java.nio.HeapByteBuffer.getLong(HeapByteBuffer.java:427)
          at com.paritytrading.parity.net.poe.POE$OrderCanceled.get(POE.java:280)
      In order to prevent the method under test
      from throwing BufferUnderflowException, add constructors or factory
      methods that make it easier to construct fully initialized objects used in
      the method under test.
      See https://diff.blue/R013 to resolve this issue.
      
INFO  Affected methods:
      com.paritytrading.parity.net.poe.POE$OrderCanceled.get:(Ljava/nio/ByteBuffer;)V
      
INFO  To resolve the issue, use the following prompt with your AI assistant:
      
      We are unit testing `com.paritytrading.parity.net.poe.POE$OrderCanceled.get:(Ljava/nio/ByteBuffer;)V`.
      
      Create a parameterless factory method for the problematic
      parameter/this object, determining which by reading the error message below.
      The new factory method should be in the test classpath, not production.
      Create a new factory class if there isn't already one for the class under test.
      Do not create a test yourself, only a factory (don't test the factory either).
      The factory method must be annotated with 
      `@com.diffblue.cover.annotations.InterestingTestFactory`.
      Avoid using mocks, these tend to produce unused stubbing errors or a
      `java.lang.NullPointerException`.
      If your environment has internet access then further documentation on
      factory methods for Cover can be found here:
      https://docs.diffblue.com/features/tutorials/increase-code-coverage#test-factory-pattern
      
      The factory should produce a parameter/this object such that
      the following exception does not occur:
      
      ```
      java.nio.BufferUnderflowException
        at java.nio.Buffer.nextGetIndex(Buffer.java:510)
        at java.nio.HeapByteBuffer.getLong(HeapByteBuffer.java:427)
        at com.paritytrading.parity.net.poe.POE$OrderCanceled.get(POE.java:280)
      ```
      
      Recompile the project to make sure the new factory / annotation / getter / etc
      is available to Cover.
      For example run `mvn install -DskipTests` or `gradle install -x test`.
      
INFO  
INFO  R013: No inputs found that don't throw a trivial exception
      Diffblue Cover tried to run the arrange/act section, but the test threw
      java.nio.BufferOverflowException
          at java.nio.HeapByteBuffer.put(HeapByteBuffer.java:194)
          at java.nio.ByteBuffer.put(ByteBuffer.java:867)
          at com.paritytrading.parity.net.poe.POE$OrderCanceled.put(POE.java:288)
      In order to prevent the method under test
      from throwing BufferOverflowException, add constructors or factory
      methods that make it easier to construct fully initialized objects used in
      the method under test.
      See https://diff.blue/R013 to resolve this issue.
      
INFO  Affected methods:
      com.paritytrading.parity.net.poe.POE$OrderCanceled.put:(Ljava/nio/ByteBuffer;)V
      
INFO  To resolve the issue, use the following prompt with your AI assistant:
      
      We are unit testing `com.paritytrading.parity.net.poe.POE$OrderCanceled.put:(Ljava/nio/ByteBuffer;)V`.
      
      Create a parameterless factory method for the problematic
      parameter/this object, determining which by reading the error message below.
      The new factory method should be in the test classpath, not production.
      Create a new factory class if there isn't already one for the class under test.
      Do not create a test yourself, only a factory (don't test the factory either).
      The factory method must be annotated with 
      `@com.diffblue.cover.annotations.InterestingTestFactory`.
      Avoid using mocks, these tend to produce unused stubbing errors or a
      `java.lang.NullPointerException`.
      If your environment has internet access then further documentation on
      factory methods for Cover can be found here:
      https://docs.diffblue.com/features/tutorials/increase-code-coverage#test-factory-pattern
      
      The factory should produce a parameter/this object such that
      the following exception does not occur:
      
      ```
      java.nio.BufferOverflowException
        at java.nio.HeapByteBuffer.put(HeapByteBuffer.java:194)
        at java.nio.ByteBuffer.put(ByteBuffer.java:867)
        at com.paritytrading.parity.net.poe.POE$OrderCanceled.put(POE.java:288)
      ```
      
      Recompile the project to make sure the new factory / annotation / getter / etc
      is available to Cover.
      For example run `mvn install -DskipTests` or `gradle install -x test`.
      
INFO  
INFO  R013: No inputs found that don't throw a trivial exception
      Diffblue Cover tried to run the arrange/act section, but the test threw
      java.nio.BufferUnderflowException
          at java.nio.Buffer.nextGetIndex(Buffer.java:510)
          at java.nio.HeapByteBuffer.getLong(HeapByteBuffer.java:427)
          at com.paritytrading.parity.net.poe.POE$OrderExecuted.get(POE.java:242)
      In order to prevent the method under test
      from throwing BufferUnderflowException, add constructors or factory
      methods that make it easier to construct fully initialized objects used in
      the method under test.
      See https://diff.blue/R013 to resolve this issue.
      
INFO  Affected methods:
      com.paritytrading.parity.net.poe.POE$OrderExecuted.get:(Ljava/nio/ByteBuffer;)V
      
INFO  To resolve the issue, use the following prompt with your AI assistant:
      
      We are unit testing `com.paritytrading.parity.net.poe.POE$OrderExecuted.get:(Ljava/nio/ByteBuffer;)V`.
      
      Create a parameterless factory method for the problematic
      parameter/this object, determining which by reading the error message below.
      The new factory method should be in the test classpath, not production.
      Create a new factory class if there isn't already one for the class under test.
      Do not create a test yourself, only a factory (don't test the factory either).
      The factory method must be annotated with 
      `@com.diffblue.cover.annotations.InterestingTestFactory`.
      Avoid using mocks, these tend to produce unused stubbing errors or a
      `java.lang.NullPointerException`.
      If your environment has internet access then further documentation on
      factory methods for Cover can be found here:
      https://docs.diffblue.com/features/tutorials/increase-code-coverage#test-factory-pattern
      
      The factory should produce a parameter/this object such that
      the following exception does not occur:
      
      ```
      java.nio.BufferUnderflowException
        at java.nio.Buffer.nextGetIndex(Buffer.java:510)
        at java.nio.HeapByteBuffer.getLong(HeapByteBuffer.java:427)
        at com.paritytrading.parity.net.poe.POE$OrderExecuted.get(POE.java:242)
      ```
      
      Recompile the project to make sure the new factory / annotation / getter / etc
      is available to Cover.
      For example run `mvn install -DskipTests` or `gradle install -x test`.
      
INFO  
INFO  R013: No inputs found that don't throw a trivial exception
      Diffblue Cover tried to run the arrange/act section, but the test threw
      java.nio.BufferOverflowException
          at java.nio.HeapByteBuffer.put(HeapByteBuffer.java:194)
          at java.nio.ByteBuffer.put(ByteBuffer.java:867)
          at com.paritytrading.parity.net.poe.POE$OrderExecuted.put(POE.java:252)
      In order to prevent the method under test
      from throwing BufferOverflowException, add constructors or factory
      methods that make it easier to construct fully initialized objects used in
      the method under test.
      See https://diff.blue/R013 to resolve this issue.
      
INFO  Affected methods:
      com.paritytrading.parity.net.poe.POE$OrderExecuted.put:(Ljava/nio/ByteBuffer;)V
      
INFO  To resolve the issue, use the following prompt with your AI assistant:
      
      We are unit testing `com.paritytrading.parity.net.poe.POE$OrderExecuted.put:(Ljava/nio/ByteBuffer;)V`.
      
      Create a parameterless factory method for the problematic
      parameter/this object, determining which by reading the error message below.
      The new factory method should be in the test classpath, not production.
      Create a new factory class if there isn't already one for the class under test.
      Do not create a test yourself, only a factory (don't test the factory either).
      The factory method must be annotated with 
      `@com.diffblue.cover.annotations.InterestingTestFactory`.
      Avoid using mocks, these tend to produce unused stubbing errors or a
      `java.lang.NullPointerException`.
      If your environment has internet access then further documentation on
      factory methods for Cover can be found here:
      https://docs.diffblue.com/features/tutorials/increase-code-coverage#test-factory-pattern
      
      The factory should produce a parameter/this object such that
      the following exception does not occur:
      
      ```
      java.nio.BufferOverflowException
        at java.nio.HeapByteBuffer.put(HeapByteBuffer.java:194)
        at java.nio.ByteBuffer.put(ByteBuffer.java:867)
        at com.paritytrading.parity.net.poe.POE$OrderExecuted.put(POE.java:252)
      ```
      
      Recompile the project to make sure the new factory / annotation / getter / etc
      is available to Cover.
      For example run `mvn install -DskipTests` or `gradle install -x test`.
      
INFO  
INFO  R013: No inputs found that don't throw a trivial exception
      Diffblue Cover tried to run the arrange/act section, but the test threw
      java.nio.BufferUnderflowException
          at java.nio.Buffer.nextGetIndex(Buffer.java:502)
          at java.nio.HeapByteBuffer.get(HeapByteBuffer.java:138)
          at com.paritytrading.parity.net.poe.POE$OrderRejected.get(POE.java:208)
      In order to prevent the method under test
      from throwing BufferUnderflowException, add constructors or factory
      methods that make it easier to construct fully initialized objects used in
      the method under test.
      See https://diff.blue/R013 to resolve this issue.
      
INFO  Affected methods:
      com.paritytrading.parity.net.poe.POE$OrderRejected.get:(Ljava/nio/ByteBuffer;)V
      
INFO  To resolve the issue, use the following prompt with your AI assistant:
      
      We are unit testing `com.paritytrading.parity.net.poe.POE$OrderRejected.get:(Ljava/nio/ByteBuffer;)V`.
      
      Create a parameterless factory method for the problematic
      parameter/this object, determining which by reading the error message below.
      The new factory method should be in the test classpath, not production.
      Create a new factory class if there isn't already one for the class under test.
      Do not create a test yourself, only a factory (don't test the factory either).
      The factory method must be annotated with 
      `@com.diffblue.cover.annotations.InterestingTestFactory`.
      Avoid using mocks, these tend to produce unused stubbing errors or a
      `java.lang.NullPointerException`.
      If your environment has internet access then further documentation on
      factory methods for Cover can be found here:
      https://docs.diffblue.com/features/tutorials/increase-code-coverage#test-factory-pattern
      
      The factory should produce a parameter/this object such that
      the following exception does not occur:
      
      ```
      java.nio.BufferUnderflowException
        at java.nio.Buffer.nextGetIndex(Buffer.java:502)
        at java.nio.HeapByteBuffer.get(HeapByteBuffer.java:138)
        at com.paritytrading.parity.net.poe.POE$OrderRejected.get(POE.java:208)
      ```
      
      Recompile the project to make sure the new factory / annotation / getter / etc
      is available to Cover.
      For example run `mvn install -DskipTests` or `gradle install -x test`.
      
INFO  
INFO  R013: No inputs found that don't throw a trivial exception
      Diffblue Cover tried to run the arrange/act section, but the test threw
      java.nio.BufferOverflowException
          at java.nio.HeapByteBuffer.put(HeapByteBuffer.java:194)
          at java.nio.ByteBuffer.put(ByteBuffer.java:867)
          at com.paritytrading.parity.net.poe.POE$OrderRejected.put(POE.java:215)
      In order to prevent the method under test
      from throwing BufferOverflowException, add constructors or factory
      methods that make it easier to construct fully initialized objects used in
      the method under test.
      See https://diff.blue/R013 to resolve this issue.
      
INFO  Affected methods:
      com.paritytrading.parity.net.poe.POE$OrderRejected.put:(Ljava/nio/ByteBuffer;)V
      
INFO  To resolve the issue, use the following prompt with your AI assistant:
      
      We are unit testing `com.paritytrading.parity.net.poe.POE$OrderRejected.put:(Ljava/nio/ByteBuffer;)V`.
      
      Create a parameterless factory method for the problematic
      parameter/this object, determining which by reading the error message below.
      The new factory method should be in the test classpath, not production.
      Create a new factory class if there isn't already one for the class under test.
      Do not create a test yourself, only a factory (don't test the factory either).
      The factory method must be annotated with 
      `@com.diffblue.cover.annotations.InterestingTestFactory`.
      Avoid using mocks, these tend to produce unused stubbing errors or a
      `java.lang.NullPointerException`.
      If your environment has internet access then further documentation on
      factory methods for Cover can be found here:
      https://docs.diffblue.com/features/tutorials/increase-code-coverage#test-factory-pattern
      
      The factory should produce a parameter/this object such that
      the following exception does not occur:
      
      ```
      java.nio.BufferOverflowException
        at java.nio.HeapByteBuffer.put(HeapByteBuffer.java:194)
        at java.nio.ByteBuffer.put(ByteBuffer.java:867)
        at com.paritytrading.parity.net.poe.POE$OrderRejected.put(POE.java:215)
      ```
      
      Recompile the project to make sure the new factory / annotation / getter / etc
      is available to Cover.
      For example run `mvn install -DskipTests` or `gradle install -x test`.
      
INFO  
INFO  21 issues were found and displayed
INFO  Rerun with --prompts --limit 10 --skip 10 to focus on a subset of the issues
INFO  Rerun without --prompts to summarise all the issues
INFO  
INFO  Log file: /home/jbergqvist/diffblue/paritytrading-parity/.diffblue/log/user-20260120T105704.log
INFO  Finished in 3s
