INFO  Diffblue Cover 2025.12.02-74144f0-licensed
INFO  
INFO  Command: create
INFO  Create tests for the specified package/class/method.
INFO  
INFO  Selected modules:
INFO  - com.paritytrading.parity:parity-match
INFO  
INFO  
INFO  [1/1] Creating tests for module: com.paritytrading.parity:parity-match
INFO  ======================================================================
INFO  
INFO  Detecting environment:
INFO  ----------------------
INFO  Detected Java version 1.8.0_472
INFO  Selected build system: Maven
INFO  Selected classpath from build system maven
INFO  Selected test framework: JUnit Jupiter API
INFO  Selected Java language compliance level: 1.8
INFO  Selected test validation: enabled
INFO  Prefixes for filtering classes/methods:
INFO  - com.paritytrading.parity.match
INFO  Gathering methods to test...
INFO  Found 18 callable methods in 3 classes
INFO  
INFO  Creating tests:
INFO  ---------------
INFO  [1/3] com.paritytrading.parity.match.Order
INFO  [1/3]   Tests created: 2
INFO  [2/3] com.paritytrading.parity.match.OrderBook
INFO  [2/3]   Tests created: 5
INFO  [3/3] com.paritytrading.parity.match.Side
INFO  [3/3]   Tests created: 0
INFO  
INFO  Test creation summary for module: com.paritytrading.parity:parity-match
INFO  -----------------------------------------------------------------------
INFO  Total:                                              18 methods
INFO  7 tests created for:                                15 methods
INFO  
INFO  No tests created for:                                1 method
INFO  
INFO  Running validation command.
INFO  This can take a couple of minutes.
INFO  All 7 created tests were successfully validated.
INFO  Calculating coverage from Diffblue tests.
INFO  JaCoCo report file created in /home/jbergqvist/diffblue/paritytrading-parity/libraries/match/.diffblue/reports/diffblue-tests-jacoco-report.xml
INFO  Calculating coverage from manual tests.
INFO  JaCoCo report file created in /home/jbergqvist/diffblue/paritytrading-parity/libraries/match/.diffblue/reports/manual-tests-jacoco-report.xml
INFO  
INFO  Diffblue tests cover 53 of 103 lines to cover (51.5%)
INFO  Manual tests cover 95 of 103 lines to cover (92.2%)
INFO  Writing JSON report to /home/jbergqvist/diffblue/paritytrading-parity/libraries/match/.diffblue/reports/report.json
INFO  
INFO  Log file: /home/jbergqvist/diffblue/paritytrading-parity/.diffblue/log/user-20260120T105247.log
INFO  Finished in 41s
