INFO  Diffblue Cover 2025.12.02-74144f0-licensed
INFO  
INFO  Command: create
INFO  Create tests for the specified package/class/method.
INFO  
INFO  Selected modules:
INFO  - com.paritytrading.parity:parity-ticker
INFO  
INFO  
INFO  [1/1] Creating tests for module: com.paritytrading.parity:parity-ticker
INFO  =======================================================================
INFO  
INFO  Detecting environment:
INFO  ----------------------
INFO  Detected Java version 1.8.0_472
INFO  Selected build system: Maven
INFO  Selected classpath from build system maven
INFO  Selected test framework: JUnit Jupiter API
INFO  Selected Java language compliance level: 1.8
INFO  Selected test validation: enabled
INFO  Prefixes for filtering classes/methods:
INFO  - com.paritytrading.parity.ticker
INFO  Gathering methods to test...
INFO  Found 17 callable methods in 5 classes
INFO  
INFO  Creating tests:
INFO  ---------------
INFO  [1/5] com.paritytrading.parity.ticker.DisplayFormat
INFO  [1/5]   Tests created: 4
INFO  [2/5] com.paritytrading.parity.ticker.MarketDataListener
INFO  [2/5]   Tests created: 2
INFO  [3/5] com.paritytrading.parity.ticker.MarketDataProcessor
INFO  [3/5]   Tests created: 4
INFO  [4/5] com.paritytrading.parity.ticker.StockTicker
INFO  [4/5]   Tests created: 0
INFO  [5/5] com.paritytrading.parity.ticker.TAQFormat
INFO  [5/5]   Tests created: 6
INFO  
INFO  Test creation summary for module: com.paritytrading.parity:parity-ticker
INFO  ------------------------------------------------------------------------
INFO  Total:                                              17 methods
INFO  16 tests created for:                               14 methods
INFO  
INFO  Tested indirectly via other methods:                 1 method
INFO      1 T005: Trivial constructor
INFO  Not unit-testable:                                   1 method
INFO      1 T006: Main method
INFO  No tests created for:                                1 method
INFO      1 R011: Sandboxing policy violation
INFO  
INFO  Running validation command.
INFO  This can take a couple of minutes.
INFO  All 16 created tests were successfully validated.
INFO  Calculating coverage from Diffblue tests.
INFO  JaCoCo report file created in /home/jbergqvist/diffblue/paritytrading-parity/applications/ticker/.diffblue/reports/diffblue-tests-jacoco-report.xml
INFO  Calculating coverage from manual tests.
INFO  JaCoCo report file created in /home/jbergqvist/diffblue/paritytrading-parity/applications/ticker/.diffblue/reports/manual-tests-jacoco-report.xml
INFO  
INFO  Diffblue tests cover 124 of 188 lines to cover (66.0%)
INFO  Manual tests cover 0 of 188 lines to cover (0.0%)
INFO  Writing JSON report to /home/jbergqvist/diffblue/paritytrading-parity/applications/ticker/.diffblue/reports/report.json
INFO  
INFO  Log file: /home/jbergqvist/diffblue/paritytrading-parity/.diffblue/log/user-20260120T144906.log
INFO  Finished in 1m 8s
