INFO  Diffblue Cover 2026.01.01-SNAPSHOT-70877d3-local
INFO  
INFO  Command: issues
INFO  Output a prioritized list of issues.
INFO  
INFO  Selected modules:
INFO  - com.paritytrading.parity:parity-ticker
INFO  
INFO  
INFO  [1/1] Diagnosing issues for module: com.paritytrading.parity:parity-ticker
INFO  ==========================================================================
INFO  
INFO  Detected Java version 1.8.0_472
INFO  Selected build system: Maven
INFO  Reading report file '/home/jbergqvist/diffblue/paritytrading-parity/applications/ticker/.diffblue/reports/report.json'
INFO  Copied report file to '/home/jbergqvist/diffblue/paritytrading-parity/applications/ticker/.diffblue/reports/report-20260120T142935.json'
INFO  
INFO  R081: Exception in arrange section
      
INFO  To resolve the issue, use the following prompt with your AI assistant:
      
      Fix the following issue preventing test creation for the following affected methods:
      com.paritytrading.parity.ticker.MarketDataProcessor.<init>:(Lcom/paritytrading/parity/book/Market;Lcom/paritytrading/parity/ticker/MarketDataListener;)V
      
      Diffblue Cover was unable to construct an instance of the class under test using
      com.paritytrading.parity.ticker.MarketDataProcessor.<init>(Market, MarketDataListener).
      The arrange section threw
      java.lang.NullPointerException
          at com.paritytrading.parity.ticker.DisplayFormat.<init>(DisplayFormat.java:35)
      More information about the exception is provided in the support log.
      See https://diff.blue/R081 for further troubleshooting of this issue.
      
INFO  
INFO  R011: Sandboxing policy violation
      
INFO  To resolve the issue, use the following prompt with your AI assistant:
      
      Fix the following issue preventing test creation for the following affected methods:
      com.paritytrading.parity.ticker.MarketDataProcessor.version:(Lcom/paritytrading/parity/net/pmd/PMD$Version;)V
      
      Diffblue Cover ran code in your project that tried
      to call 'System.exit'.
      Diffblue Cover's default sandboxing policy disallows this in order to prevent
      your code from damaging your system environment.
      See https://diff.blue/R011 to resolve this issue.
      
INFO  
INFO  2 issues were found and displayed
INFO  Rerun without --prompts to summarise all the issues
INFO  
INFO  Log file: /home/jbergqvist/diffblue/paritytrading-parity/.diffblue/log/user-20260120T143334.log
INFO  Finished in 3s
