INFO  Diffblue Cover 2026.01.01-SNAPSHOT-acf7615-local
INFO  
INFO  Command: issues
INFO  Output a prioritized list of issues.
INFO  
INFO  Selected modules:
INFO  - com.paritytrading.parity:parity-util
INFO  
INFO  
INFO  [1/1] Diagnosing issues for module: com.paritytrading.parity:parity-util
INFO  ========================================================================
INFO  
INFO  Detected Java version 1.8.0_472
INFO  Selected build system: Maven
INFO  Selected classpath from build system maven
INFO  Reading report file '/home/jbergqvist/diffblue/paritytrading-parity/libraries/util/.diffblue/reports/report.json'
INFO  Copied report file to '/home/jbergqvist/diffblue/paritytrading-parity/libraries/util/.diffblue/reports/report-20260120T111808.json'
INFO  
INFO  R013: No inputs found that don't throw a trivial exception
      Diffblue Cover tried to run the arrange/act section, but the test threw
      java.lang.NullPointerException
          at com.paritytrading.parity.util.Instruments.fromConfig(Instruments.java:163)
      In order to prevent the method under test
      from throwing NullPointerException, add constructors or factory
      methods that make it easier to construct fully initialized objects used in
      the method under test.
      See https://diff.blue/R013 to resolve this issue.
      
INFO  Affected methods:
      com.paritytrading.parity.util.Instruments.fromConfig:(Lcom/typesafe/config/Config;Ljava/lang/String;)Lcom/paritytrading/parity/util/Instruments;
      
INFO  To resolve the issue, use the following prompt with your AI assistant:
      
      We are unit testing `com.paritytrading.parity.util.Instruments.fromConfig:(Lcom/typesafe/config/Config;Ljava/lang/String;)Lcom/paritytrading/parity/util/Instruments;`.
      
      Create a parameterless factory method for the problematic
      parameter/this object, determining which by reading the error message below.
      The new factory method should be in the test classpath, not production.
      Create a new factory class if there isn't already one for the class under test.
      Do not create a test yourself, only a factory (don't test the factory either).
      The factory method must be annotated with 
      `@com.diffblue.cover.annotations.InterestingTestFactory`.
      Avoid using mocks, these tend to produce unused stubbing errors or a
      `java.lang.NullPointerException`.
      If your environment has internet access then further documentation on
      factory methods for Cover can be found here:
      https://docs.diffblue.com/features/tutorials/increase-code-coverage#test-factory-pattern
      
      The factory should produce a parameter/this object such that
      the following exception does not occur:
      
      ```
      java.lang.NullPointerException
        at com.paritytrading.parity.util.Instruments.fromConfig(Instruments.java:163)
      ```
      
      Recompile the project to make sure the new factory / annotation / getter / etc
      is available to Cover.
      For example run `mvn install -DskipTests` or `gradle install -x test`.
      
INFO  
INFO  R081: Exception in arrange section
      Diffblue Cover was unable to construct an instance of the class under test using
      com.paritytrading.parity.util.Instrument.asLong().
      The arrange section threw
      com.typesafe.config.ConfigException$Missing: No configuration setting found for key 'Path'
          at com.typesafe.config.impl.SimpleConfig.findKeyOrNull(SimpleConfig.java:152)
          at com.typesafe.config.impl.SimpleConfig.findKey(SimpleConfig.java:145)
          at com.typesafe.config.impl.SimpleConfig.findOrNull(SimpleConfig.java:172)
          at com.typesafe.config.impl.SimpleConfig.find(SimpleConfig.java:184)
          at com.typesafe.config.impl.SimpleConfig.find(SimpleConfig.java:189)
          at com.typesafe.config.impl.SimpleConfig.getConfigNumber(SimpleConfig.java:219)
          at com.typesafe.config.impl.SimpleConfig.getInt(SimpleConfig.java:230)
          at com.paritytrading.parity.util.Instrument.fromConfig(Instrument.java:136)
      More information about the exception is provided in the support log.
      See https://diff.blue/R081 for further troubleshooting of this issue.
      
INFO  Affected methods:
      com.paritytrading.parity.util.Instrument.asLong:()J
      com.paritytrading.parity.util.Instrument.asString:()Ljava/lang/String;
      com.paritytrading.parity.util.Instrument.getPriceFormat:()Ljava/lang/String;
      com.paritytrading.parity.util.Instrument.getPriceFractionDigits:()I
      com.paritytrading.parity.util.Instrument.getSizeFormat:()Ljava/lang/String;
      com.paritytrading.parity.util.Instrument.getSizeFractionDigits:()I
      
INFO  To resolve the issue, use the following prompt with your AI assistant:
      
      Fix the following issue preventing test creation for:
      com.paritytrading.parity.util.Instrument.asLong:()J
      com.paritytrading.parity.util.Instrument.asString:()Ljava/lang/String;
      com.paritytrading.parity.util.Instrument.getPriceFormat:()Ljava/lang/String;
      com.paritytrading.parity.util.Instrument.getPriceFractionDigits:()I
      com.paritytrading.parity.util.Instrument.getSizeFormat:()Ljava/lang/String;
      com.paritytrading.parity.util.Instrument.getSizeFractionDigits:()I
      
      Diffblue Cover was unable to construct an instance of the class under test using
      com.paritytrading.parity.util.Instrument.asLong().
      The arrange section threw
      com.typesafe.config.ConfigException$Missing: No configuration setting found for key 'Path'
          at com.typesafe.config.impl.SimpleConfig.findKeyOrNull(SimpleConfig.java:152)
          at com.typesafe.config.impl.SimpleConfig.findKey(SimpleConfig.java:145)
          at com.typesafe.config.impl.SimpleConfig.findOrNull(SimpleConfig.java:172)
          at com.typesafe.config.impl.SimpleConfig.find(SimpleConfig.java:184)
          at com.typesafe.config.impl.SimpleConfig.find(SimpleConfig.java:189)
          at com.typesafe.config.impl.SimpleConfig.getConfigNumber(SimpleConfig.java:219)
          at com.typesafe.config.impl.SimpleConfig.getInt(SimpleConfig.java:230)
          at com.paritytrading.parity.util.Instrument.fromConfig(Instrument.java:136)
      More information about the exception is provided in the support log.
      See https://diff.blue/R081 for further troubleshooting of this issue.
      
INFO  
INFO  R081: Exception in arrange section
      Diffblue Cover was unable to construct an instance of the class under test using
      com.paritytrading.parity.util.Instruments.getMaxPriceFractionDigits().
      The arrange section threw
      com.typesafe.config.ConfigException$Missing: No configuration setting found for key 'Path'
          at com.typesafe.config.impl.SimpleConfig.findKeyOrNull(SimpleConfig.java:152)
          at com.typesafe.config.impl.SimpleConfig.findOrNull(SimpleConfig.java:170)
          at com.typesafe.config.impl.SimpleConfig.find(SimpleConfig.java:184)
          at com.typesafe.config.impl.SimpleConfig.find(SimpleConfig.java:189)
          at com.typesafe.config.impl.SimpleConfig.getObject(SimpleConfig.java:264)
          at com.typesafe.config.impl.SimpleConfig.getObject(SimpleConfig.java:37)
          at com.paritytrading.parity.util.Instruments.fromConfig(Instruments.java:161)
      More information about the exception is provided in the support log.
      See https://diff.blue/R081 for further troubleshooting of this issue.
      
INFO  Affected methods:
      com.paritytrading.parity.util.Instruments.getMaxPriceFractionDigits:()I
      com.paritytrading.parity.util.Instruments.getMaxSizeFractionDigits:()I
      com.paritytrading.parity.util.Instruments.getPricePlaceholder:()Ljava/lang/String;
      com.paritytrading.parity.util.Instruments.getPriceWidth:()I
      com.paritytrading.parity.util.Instruments.getSizePlaceholder:()Ljava/lang/String;
      com.paritytrading.parity.util.Instruments.getSizeWidth:()I
      
INFO  To resolve the issue, use the following prompt with your AI assistant:
      
      Fix the following issue preventing test creation for:
      com.paritytrading.parity.util.Instruments.getMaxPriceFractionDigits:()I
      com.paritytrading.parity.util.Instruments.getMaxSizeFractionDigits:()I
      com.paritytrading.parity.util.Instruments.getPricePlaceholder:()Ljava/lang/String;
      com.paritytrading.parity.util.Instruments.getPriceWidth:()I
      com.paritytrading.parity.util.Instruments.getSizePlaceholder:()Ljava/lang/String;
      com.paritytrading.parity.util.Instruments.getSizeWidth:()I
      
      Diffblue Cover was unable to construct an instance of the class under test using
      com.paritytrading.parity.util.Instruments.getMaxPriceFractionDigits().
      The arrange section threw
      com.typesafe.config.ConfigException$Missing: No configuration setting found for key 'Path'
          at com.typesafe.config.impl.SimpleConfig.findKeyOrNull(SimpleConfig.java:152)
          at com.typesafe.config.impl.SimpleConfig.findOrNull(SimpleConfig.java:170)
          at com.typesafe.config.impl.SimpleConfig.find(SimpleConfig.java:184)
          at com.typesafe.config.impl.SimpleConfig.find(SimpleConfig.java:189)
          at com.typesafe.config.impl.SimpleConfig.getObject(SimpleConfig.java:264)
          at com.typesafe.config.impl.SimpleConfig.getObject(SimpleConfig.java:37)
          at com.paritytrading.parity.util.Instruments.fromConfig(Instruments.java:161)
      More information about the exception is provided in the support log.
      See https://diff.blue/R081 for further troubleshooting of this issue.
      
INFO  
INFO  3 issues were found and displayed
INFO  Rerun without --prompts to summarise all the issues
INFO  
INFO  Log file: /home/jbergqvist/diffblue/paritytrading-parity/.diffblue/log/user-20260120T112022.log
INFO  Finished in 3s
