INFO  Diffblue Cover 2026.01.01-SNAPSHOT-70877d3-local
INFO  
INFO  Command: issues
INFO  Output a prioritized list of issues.
INFO  
INFO  Selected modules:
INFO  - com.paritytrading.parity:parity-system
INFO  
INFO  
INFO  [1/1] Diagnosing issues for module: com.paritytrading.parity:parity-system
INFO  ==========================================================================
INFO  
INFO  Detected Java version 1.8.0_472
INFO  Selected build system: Maven
INFO  Reading report file '/home/jbergqvist/diffblue/paritytrading-parity/applications/system/.diffblue/reports/report.json'
INFO  Copied report file to '/home/jbergqvist/diffblue/paritytrading-parity/applications/system/.diffblue/reports/report-20260120T140734.json'
INFO  
INFO  R013: No inputs found that don't throw a trivial exception
      
INFO  To resolve the issue, use the following prompt with your AI assistant:
      
      We are unit testing `com.paritytrading.parity.system.Session.orderAccepted:(Lcom/paritytrading/parity/net/poe/POE$EnterOrder;Lcom/paritytrading/parity/system/Order;)V`.
      
      Create a parameterless factory method for the problematic
      parameter/this object, determining which by reading the error message below.
      The new factory method should be in the test classpath, not production.
      Create a new factory class if there isn't already one for the class under test.
      Do not create a test yourself, only a factory (don't test the factory either).
      The factory method must be annotated with 
      `@com.diffblue.cover.annotations.InterestingTestFactory`.
      Avoid using mocks, these tend to produce unused stubbing errors or a
      `java.lang.NullPointerException`.
      If your environment has internet access then further documentation on
      factory methods for Cover can be found here:
      https://docs.diffblue.com/features/tutorials/increase-code-coverage#test-factory-pattern
      
      The factory should produce a parameter/this object such that
      the following exception does not occur:
      
      ```
      java.lang.NullPointerException
      ```
      
      Recompile the project to make sure the new factory / annotation / getter / etc
      is available to Cover.
      For example run `mvn install -DskipTests` or `gradle install -x test`.
      
INFO  
INFO  R013: No inputs found that don't throw a trivial exception
      
INFO  To resolve the issue, use the following prompt with your AI assistant:
      
      We are unit testing `com.paritytrading.parity.system.OrderEntry.accept:()Lcom/paritytrading/parity/system/Session;`.
      
      Create a parameterless factory method for the problematic
      parameter/this object, determining which by reading the error message below.
      The new factory method should be in the test classpath, not production.
      Create a new factory class if there isn't already one for the class under test.
      Do not create a test yourself, only a factory (don't test the factory either).
      The factory method must be annotated with 
      `@com.diffblue.cover.annotations.InterestingTestFactory`.
      Avoid using mocks, these tend to produce unused stubbing errors or a
      `java.lang.NullPointerException`.
      If your environment has internet access then further documentation on
      factory methods for Cover can be found here:
      https://docs.diffblue.com/features/tutorials/increase-code-coverage#test-factory-pattern
      
      The factory should produce a parameter/this object such that
      the following exception does not occur:
      
      ```
      java.lang.NullPointerException
        at com.paritytrading.parity.system.OrderEntry.accept(OrderEntry.java:55)
      ```
      
      Recompile the project to make sure the new factory / annotation / getter / etc
      is available to Cover.
      For example run `mvn install -DskipTests` or `gradle install -x test`.
      
INFO  
INFO  R013: No inputs found that don't throw a trivial exception
      
INFO  To resolve the issue, use the following prompt with your AI assistant:
      
      We are unit testing `com.paritytrading.parity.system.OrderEntry.open:(Ljava/net/InetSocketAddress;Lcom/paritytrading/parity/system/OrderBooks;)Lcom/paritytrading/parity/system/OrderEntry;`.
      
      Create a parameterless factory method for the problematic
      parameter/this object, determining which by reading the error message below.
      The new factory method should be in the test classpath, not production.
      Create a new factory class if there isn't already one for the class under test.
      Do not create a test yourself, only a factory (don't test the factory either).
      The factory method must be annotated with 
      `@com.diffblue.cover.annotations.InterestingTestFactory`.
      Avoid using mocks, these tend to produce unused stubbing errors or a
      `java.lang.NullPointerException`.
      If your environment has internet access then further documentation on
      factory methods for Cover can be found here:
      https://docs.diffblue.com/features/tutorials/increase-code-coverage#test-factory-pattern
      
      The factory should produce a parameter/this object such that
      the following exception does not occur:
      
      ```
      java.nio.channels.UnresolvedAddressException
        at sun.nio.ch.Net.checkAddress(Net.java:104)
        at sun.nio.ch.ServerSocketChannelImpl.bind(ServerSocketChannelImpl.java:217)
        at java.nio.channels.ServerSocketChannel.bind(ServerSocketChannel.java:157)
        at com.paritytrading.parity.system.OrderEntry.open(OrderEntry.java:44)
      ```
      
      Recompile the project to make sure the new factory / annotation / getter / etc
      is available to Cover.
      For example run `mvn install -DskipTests` or `gradle install -x test`.
      
INFO  
INFO  R013: No inputs found that don't throw a trivial exception
      
INFO  To resolve the issue, use the following prompt with your AI assistant:
      
      We are unit testing `com.paritytrading.parity.system.Session.cancelOrder:(Lcom/paritytrading/parity/net/poe/POE$CancelOrder;)V`.
      
      Create a parameterless factory method for the problematic
      parameter/this object, determining which by reading the error message below.
      The new factory method should be in the test classpath, not production.
      Create a new factory class if there isn't already one for the class under test.
      Do not create a test yourself, only a factory (don't test the factory either).
      The factory method must be annotated with 
      `@com.diffblue.cover.annotations.InterestingTestFactory`.
      Avoid using mocks, these tend to produce unused stubbing errors or a
      `java.lang.NullPointerException`.
      If your environment has internet access then further documentation on
      factory methods for Cover can be found here:
      https://docs.diffblue.com/features/tutorials/increase-code-coverage#test-factory-pattern
      
      The factory should produce a parameter/this object such that
      the following exception does not occur:
      
      ```
      java.lang.NullPointerException
        at java.nio.channels.spi.AbstractInterruptibleChannel.close(AbstractInterruptibleChannel.java:111)
        at com.paritytrading.nassau.soupbintcp.SoupBinTCPSession.close(SoupBinTCPSession.java:160)
        at com.paritytrading.parity.system.Session.close(Session.java:105)
        at com.paritytrading.parity.system.Session.cancelOrder(Session.java:155)
      ```
      
      Recompile the project to make sure the new factory / annotation / getter / etc
      is available to Cover.
      For example run `mvn install -DskipTests` or `gradle install -x test`.
      
INFO  
INFO  R013: No inputs found that don't throw a trivial exception
      
INFO  To resolve the issue, use the following prompt with your AI assistant:
      
      We are unit testing `com.paritytrading.parity.system.Session.close:()V`.
      
      Create a parameterless factory method for the problematic
      parameter/this object, determining which by reading the error message below.
      The new factory method should be in the test classpath, not production.
      Create a new factory class if there isn't already one for the class under test.
      Do not create a test yourself, only a factory (don't test the factory either).
      The factory method must be annotated with 
      `@com.diffblue.cover.annotations.InterestingTestFactory`.
      Avoid using mocks, these tend to produce unused stubbing errors or a
      `java.lang.NullPointerException`.
      If your environment has internet access then further documentation on
      factory methods for Cover can be found here:
      https://docs.diffblue.com/features/tutorials/increase-code-coverage#test-factory-pattern
      
      The factory should produce a parameter/this object such that
      the following exception does not occur:
      
      ```
      java.lang.NullPointerException
        at java.nio.channels.spi.AbstractInterruptibleChannel.close(AbstractInterruptibleChannel.java:111)
        at com.paritytrading.nassau.soupbintcp.SoupBinTCPSession.close(SoupBinTCPSession.java:160)
        at com.paritytrading.parity.system.Session.close(Session.java:105)
      ```
      
      Recompile the project to make sure the new factory / annotation / getter / etc
      is available to Cover.
      For example run `mvn install -DskipTests` or `gradle install -x test`.
      
INFO  
INFO  R013: No inputs found that don't throw a trivial exception
      
INFO  To resolve the issue, use the following prompt with your AI assistant:
      
      We are unit testing `com.paritytrading.parity.system.Session.enterOrder:(Lcom/paritytrading/parity/net/poe/POE$EnterOrder;)V`.
      
      Create a parameterless factory method for the problematic
      parameter/this object, determining which by reading the error message below.
      The new factory method should be in the test classpath, not production.
      Create a new factory class if there isn't already one for the class under test.
      Do not create a test yourself, only a factory (don't test the factory either).
      The factory method must be annotated with 
      `@com.diffblue.cover.annotations.InterestingTestFactory`.
      Avoid using mocks, these tend to produce unused stubbing errors or a
      `java.lang.NullPointerException`.
      If your environment has internet access then further documentation on
      factory methods for Cover can be found here:
      https://docs.diffblue.com/features/tutorials/increase-code-coverage#test-factory-pattern
      
      The factory should produce a parameter/this object such that
      the following exception does not occur:
      
      ```
      java.lang.NullPointerException
        at java.nio.channels.spi.AbstractInterruptibleChannel.close(AbstractInterruptibleChannel.java:111)
        at com.paritytrading.nassau.soupbintcp.SoupBinTCPSession.close(SoupBinTCPSession.java:160)
        at com.paritytrading.parity.system.Session.close(Session.java:105)
        at com.paritytrading.parity.system.Session.enterOrder(Session.java:142)
      ```
      
      Recompile the project to make sure the new factory / annotation / getter / etc
      is available to Cover.
      For example run `mvn install -DskipTests` or `gradle install -x test`.
      
INFO  
INFO  R013: No inputs found that don't throw a trivial exception
      
INFO  To resolve the issue, use the following prompt with your AI assistant:
      
      We are unit testing `com.paritytrading.parity.system.Session.loginRequest:(Lcom/paritytrading/nassau/soupbintcp/SoupBinTCPServer;Lcom/paritytrading/nassau/soupbintcp/SoupBinTCP$LoginRequest;)V`.
      
      Create a parameterless factory method for the problematic
      parameter/this object, determining which by reading the error message below.
      The new factory method should be in the test classpath, not production.
      Create a new factory class if there isn't already one for the class under test.
      Do not create a test yourself, only a factory (don't test the factory either).
      The factory method must be annotated with 
      `@com.diffblue.cover.annotations.InterestingTestFactory`.
      Avoid using mocks, these tend to produce unused stubbing errors or a
      `java.lang.NullPointerException`.
      If your environment has internet access then further documentation on
      factory methods for Cover can be found here:
      https://docs.diffblue.com/features/tutorials/increase-code-coverage#test-factory-pattern
      
      The factory should produce a parameter/this object such that
      the following exception does not occur:
      
      ```
      java.lang.NullPointerException
        at com.paritytrading.nassau.soupbintcp.SoupBinTCPSession.send(SoupBinTCPSession.java:196)
        at com.paritytrading.nassau.soupbintcp.SoupBinTCPServer.accept(SoupBinTCPServer.java:97)
        at com.paritytrading.parity.system.Session.loginRequest(Session.java:126)
      ```
      
      Recompile the project to make sure the new factory / annotation / getter / etc
      is available to Cover.
      For example run `mvn install -DskipTests` or `gradle install -x test`.
      
INFO  
INFO  R013: No inputs found that don't throw a trivial exception
      
INFO  To resolve the issue, use the following prompt with your AI assistant:
      
      We are unit testing `com.paritytrading.parity.system.Session.orderCanceled:(JBLcom/paritytrading/parity/system/Order;)V`.
      
      Create a parameterless factory method for the problematic
      parameter/this object, determining which by reading the error message below.
      The new factory method should be in the test classpath, not production.
      Create a new factory class if there isn't already one for the class under test.
      Do not create a test yourself, only a factory (don't test the factory either).
      The factory method must be annotated with 
      `@com.diffblue.cover.annotations.InterestingTestFactory`.
      Avoid using mocks, these tend to produce unused stubbing errors or a
      `java.lang.NullPointerException`.
      If your environment has internet access then further documentation on
      factory methods for Cover can be found here:
      https://docs.diffblue.com/features/tutorials/increase-code-coverage#test-factory-pattern
      
      The factory should produce a parameter/this object such that
      the following exception does not occur:
      
      ```
      java.lang.ArrayIndexOutOfBoundsException
        at java.lang.System.arraycopy(Native Method)
        at com.paritytrading.parity.system.Session.orderCanceled(Session.java:210)
      ```
      
      Recompile the project to make sure the new factory / annotation / getter / etc
      is available to Cover.
      For example run `mvn install -DskipTests` or `gradle install -x test`.
      
INFO  
INFO  R013: No inputs found that don't throw a trivial exception
      
INFO  To resolve the issue, use the following prompt with your AI assistant:
      
      We are unit testing `com.paritytrading.parity.system.Session.orderExecuted:(JJBJLcom/paritytrading/parity/system/Order;)V`.
      
      Create a parameterless factory method for the problematic
      parameter/this object, determining which by reading the error message below.
      The new factory method should be in the test classpath, not production.
      Create a new factory class if there isn't already one for the class under test.
      Do not create a test yourself, only a factory (don't test the factory either).
      The factory method must be annotated with 
      `@com.diffblue.cover.annotations.InterestingTestFactory`.
      Avoid using mocks, these tend to produce unused stubbing errors or a
      `java.lang.NullPointerException`.
      If your environment has internet access then further documentation on
      factory methods for Cover can be found here:
      https://docs.diffblue.com/features/tutorials/increase-code-coverage#test-factory-pattern
      
      The factory should produce a parameter/this object such that
      the following exception does not occur:
      
      ```
      java.lang.ArrayIndexOutOfBoundsException
        at java.lang.System.arraycopy(Native Method)
        at com.paritytrading.parity.system.Session.orderExecuted(Session.java:199)
      ```
      
      Recompile the project to make sure the new factory / annotation / getter / etc
      is available to Cover.
      For example run `mvn install -DskipTests` or `gradle install -x test`.
      
INFO  
INFO  R081: Exception in arrange section
      
INFO  To resolve the issue, use the following prompt with your AI assistant:
      
      Fix the following issue preventing test creation for the following affected methods:
      com.paritytrading.parity.system.MarketData.getRequestTransport:()Lcom/paritytrading/nassau/moldudp64/MoldUDP64RequestServer;
      com.paritytrading.parity.system.MarketData.getTransport:()Lcom/paritytrading/nassau/moldudp64/MoldUDP64Server;
      
      Diffblue Cover was unable to construct an instance of the class under test using
      com.paritytrading.parity.system.MarketData.getRequestTransport().
      The arrange section threw
      java.nio.channels.UnresolvedAddressException
          at sun.nio.ch.Net.checkAddress(Net.java:104)
          at sun.nio.ch.DatagramChannelImpl.connect(DatagramChannelImpl.java:729)
          at com.paritytrading.parity.system.MarketData.open(MarketData.java:79)
      More information about the exception is provided in the support log.
      See https://diff.blue/R081 for further troubleshooting of this issue.
      
INFO  
INFO  R081: Exception in arrange section
      
INFO  To resolve the issue, use the following prompt with your AI assistant:
      
      Fix the following issue preventing test creation for the following affected methods:
      com.paritytrading.parity.system.MarketReporting.getRequestTransport:()Lcom/paritytrading/nassau/moldudp64/MoldUDP64RequestServer;
      com.paritytrading.parity.system.MarketReporting.getTransport:()Lcom/paritytrading/nassau/moldudp64/MoldUDP64Server;
      
      Diffblue Cover was unable to construct an instance of the class under test using
      com.paritytrading.parity.system.MarketReporting.getRequestTransport().
      The arrange section threw
      java.nio.channels.UnresolvedAddressException
          at sun.nio.ch.Net.checkAddress(Net.java:104)
          at sun.nio.ch.DatagramChannelImpl.connect(DatagramChannelImpl.java:729)
          at com.paritytrading.parity.system.MarketReporting.open(MarketReporting.java:81)
      More information about the exception is provided in the support log.
      See https://diff.blue/R081 for further troubleshooting of this issue.
      
INFO  
INFO  11 issues were found and displayed
INFO  Rerun with --prompts --limit 10 --skip 10 to focus on a subset of the issues
INFO  Rerun without --prompts to summarise all the issues
INFO  
INFO  Log file: /home/jbergqvist/diffblue/paritytrading-parity/.diffblue/log/user-20260120T141353.log
INFO  Finished in 3s
